Archive member included to satisfy reference by file (symbol)

D:/ST/STM32CubeIDE_1.14.0/STM32CubeIDE/plugins/com.st.stm32cube.ide.mcu.externaltools.gnu-tools-for-stm32.11.3.rel1.win32_1.1.100.202309141235/tools/bin/../lib/gcc/arm-none-eabi/11.3.1/../../../../arm-none-eabi/lib/thumb/v7e-m+dp/hard\libc_nano.a(libc_a-exit.o)
                              D:/ST/STM32CubeIDE_1.14.0/STM32CubeIDE/plugins/com.st.stm32cube.ide.mcu.externaltools.gnu-tools-for-stm32.11.3.rel1.win32_1.1.100.202309141235/tools/bin/../lib/gcc/arm-none-eabi/11.3.1/../../../../arm-none-eabi/lib/thumb/v7e-m+dp/hard/crt0.o (exit)
D:/ST/STM32CubeIDE_1.14.0/STM32CubeIDE/plugins/com.st.stm32cube.ide.mcu.externaltools.gnu-tools-for-stm32.11.3.rel1.win32_1.1.100.202309141235/tools/bin/../lib/gcc/arm-none-eabi/11.3.1/../../../../arm-none-eabi/lib/thumb/v7e-m+dp/hard\libc_nano.a(libc_a-findfp.o)
                              D:/ST/STM32CubeIDE_1.14.0/STM32CubeIDE/plugins/com.st.stm32cube.ide.mcu.externaltools.gnu-tools-for-stm32.11.3.rel1.win32_1.1.100.202309141235/tools/bin/../lib/gcc/arm-none-eabi/11.3.1/../../../../arm-none-eabi/lib/thumb/v7e-m+dp/hard\libc_nano.a(libc_a-exit.o) (__stdio_exit_handler)
D:/ST/STM32CubeIDE_1.14.0/STM32CubeIDE/plugins/com.st.stm32cube.ide.mcu.externaltools.gnu-tools-for-stm32.11.3.rel1.win32_1.1.100.202309141235/tools/bin/../lib/gcc/arm-none-eabi/11.3.1/../../../../arm-none-eabi/lib/thumb/v7e-m+dp/hard\libc_nano.a(libc_a-fwalk.o)
                              D:/ST/STM32CubeIDE_1.14.0/STM32CubeIDE/plugins/com.st.stm32cube.ide.mcu.externaltools.gnu-tools-for-stm32.11.3.rel1.win32_1.1.100.202309141235/tools/bin/../lib/gcc/arm-none-eabi/11.3.1/../../../../arm-none-eabi/lib/thumb/v7e-m+dp/hard\libc_nano.a(libc_a-findfp.o) (_fwalk_sglue)
D:/ST/STM32CubeIDE_1.14.0/STM32CubeIDE/plugins/com.st.stm32cube.ide.mcu.externaltools.gnu-tools-for-stm32.11.3.rel1.win32_1.1.100.202309141235/tools/bin/../lib/gcc/arm-none-eabi/11.3.1/../../../../arm-none-eabi/lib/thumb/v7e-m+dp/hard\libc_nano.a(libc_a-printf.o)
                              ./Core/Src/main.o (printf)
D:/ST/STM32CubeIDE_1.14.0/STM32CubeIDE/plugins/com.st.stm32cube.ide.mcu.externaltools.gnu-tools-for-stm32.11.3.rel1.win32_1.1.100.202309141235/tools/bin/../lib/gcc/arm-none-eabi/11.3.1/../../../../arm-none-eabi/lib/thumb/v7e-m+dp/hard\libc_nano.a(libc_a-puts.o)
                              ./Core/Src/main.o (puts)
D:/ST/STM32CubeIDE_1.14.0/STM32CubeIDE/plugins/com.st.stm32cube.ide.mcu.externaltools.gnu-tools-for-stm32.11.3.rel1.win32_1.1.100.202309141235/tools/bin/../lib/gcc/arm-none-eabi/11.3.1/../../../../arm-none-eabi/lib/thumb/v7e-m+dp/hard\libc_nano.a(libc_a-sscanf.o)
                              ./usrApp/debug.o (sscanf)
D:/ST/STM32CubeIDE_1.14.0/STM32CubeIDE/plugins/com.st.stm32cube.ide.mcu.externaltools.gnu-tools-for-stm32.11.3.rel1.win32_1.1.100.202309141235/tools/bin/../lib/gcc/arm-none-eabi/11.3.1/../../../../arm-none-eabi/lib/thumb/v7e-m+dp/hard\libc_nano.a(libc_a-stdio.o)
                              D:/ST/STM32CubeIDE_1.14.0/STM32CubeIDE/plugins/com.st.stm32cube.ide.mcu.externaltools.gnu-tools-for-stm32.11.3.rel1.win32_1.1.100.202309141235/tools/bin/../lib/gcc/arm-none-eabi/11.3.1/../../../../arm-none-eabi/lib/thumb/v7e-m+dp/hard\libc_nano.a(libc_a-findfp.o) (__sread)
D:/ST/STM32CubeIDE_1.14.0/STM32CubeIDE/plugins/com.st.stm32cube.ide.mcu.externaltools.gnu-tools-for-stm32.11.3.rel1.win32_1.1.100.202309141235/tools/bin/../lib/gcc/arm-none-eabi/11.3.1/../../../../arm-none-eabi/lib/thumb/v7e-m+dp/hard\libc_nano.a(libc_a-wbuf.o)
                              D:/ST/STM32CubeIDE_1.14.0/STM32CubeIDE/plugins/com.st.stm32cube.ide.mcu.externaltools.gnu-tools-for-stm32.11.3.rel1.win32_1.1.100.202309141235/tools/bin/../lib/gcc/arm-none-eabi/11.3.1/../../../../arm-none-eabi/lib/thumb/v7e-m+dp/hard\libc_nano.a(libc_a-puts.o) (__swbuf_r)
D:/ST/STM32CubeIDE_1.14.0/STM32CubeIDE/plugins/com.st.stm32cube.ide.mcu.externaltools.gnu-tools-for-stm32.11.3.rel1.win32_1.1.100.202309141235/tools/bin/../lib/gcc/arm-none-eabi/11.3.1/../../../../arm-none-eabi/lib/thumb/v7e-m+dp/hard\libc_nano.a(libc_a-wsetup.o)
                              D:/ST/STM32CubeIDE_1.14.0/STM32CubeIDE/plugins/com.st.stm32cube.ide.mcu.externaltools.gnu-tools-for-stm32.11.3.rel1.win32_1.1.100.202309141235/tools/bin/../lib/gcc/arm-none-eabi/11.3.1/../../../../arm-none-eabi/lib/thumb/v7e-m+dp/hard\libc_nano.a(libc_a-puts.o) (__swsetup_r)
D:/ST/STM32CubeIDE_1.14.0/STM32CubeIDE/plugins/com.st.stm32cube.ide.mcu.externaltools.gnu-tools-for-stm32.11.3.rel1.win32_1.1.100.202309141235/tools/bin/../lib/gcc/arm-none-eabi/11.3.1/../../../../arm-none-eabi/lib/thumb/v7e-m+dp/hard\libc_nano.a(libc_a-memset.o)
                              D:/ST/STM32CubeIDE_1.14.0/STM32CubeIDE/plugins/com.st.stm32cube.ide.mcu.externaltools.gnu-tools-for-stm32.11.3.rel1.win32_1.1.100.202309141235/tools/bin/../lib/gcc/arm-none-eabi/11.3.1/../../../../arm-none-eabi/lib/thumb/v7e-m+dp/hard/crt0.o (memset)
[...]
Memory Configuration

Name             Origin             Length             Attributes
RAM              0x0000000020000000 0x0000000000080000 xrw
FLASH            0x0000000008000000 0x0000000000200000 xr
*default*        0x0000000000000000 0xffffffffffffffff

Linker script and memory map

LOAD D:/ST/STM32CubeIDE_1.14.0/STM32CubeIDE/plugins/com.st.stm32cube.ide.mcu.externaltools.gnu-tools-for-stm32.11.3.rel1.win32_1.1.100.202309141235/tools/bin/../lib/gcc/arm-none-eabi/11.3.1/thumb/v7e-m+dp/hard/crti.o
LOAD D:/ST/STM32CubeIDE_1.14.0/STM32CubeIDE/plugins/com.st.stm32cube.ide.mcu.externaltools.gnu-tools-for-stm32.11.3.rel1.win32_1.1.100.202309141235/tools/bin/../lib/gcc/arm-none-eabi/11.3.1/thumb/v7e-m+dp/hard/crtbegin.o
LOAD D:/ST/STM32CubeIDE_1.14.0/STM32CubeIDE/plugins/com.st.stm32cube.ide.mcu.externaltools.gnu-tools-for-stm32.11.3.rel1.win32_1.1.100.202309141235/tools/bin/../lib/gcc/arm-none-eabi/11.3.1/../../../../arm-none-eabi/lib/thumb/v7e-m+dp/hard/crt0.o
LOAD ./Core/Src/dma.o
LOAD ./Core/Src/eth.o
LOAD ./Core/Src/gpio.o
LOAD ./Core/Src/i2c.o
LOAD ./Core/Src/main.o
LOAD ./Core/Src/stm32f7xx_hal_msp.o
LOAD ./Core/Src/stm32f7xx_it.o
LOAD ./Core/Src/syscalls.o
LOAD ./Core/Src/sysmem.o
LOAD ./Core/Src/system_stm32f7xx.o
LOAD ./Core/Src/usart.o
LOAD ./Core/Src/usb_otg.o
LOAD ./Core/Startup/startup_stm32f767zitx.o
LOAD ./Drivers/STM32F7xx_HAL_Driver/Src/stm32f7xx_hal.o
LOAD ./Drivers/STM32F7xx_HAL_Driver/Src/stm32f7xx_hal_cortex.o
LOAD ./Drivers/STM32F7xx_HAL_Driver/Src/stm32f7xx_hal_dma.o
LOAD ./Drivers/STM32F7xx_HAL_Driver/Src/stm32f7xx_hal_dma_ex.o
LOAD ./Drivers/STM32F7xx_HAL_Driver/Src/stm32f7xx_hal_eth.o
LOAD ./Drivers/STM32F7xx_HAL_Driver/Src/stm32f7xx_hal_exti.o
LOAD ./Drivers/STM32F7xx_HAL_Driver/Src/stm32f7xx_hal_flash.o
LOAD ./Drivers/STM32F7xx_HAL_Driver/Src/stm32f7xx_hal_flash_ex.o
LOAD ./Drivers/STM32F7xx_HAL_Driver/Src/stm32f7xx_hal_gpio.o
LOAD ./Drivers/STM32F7xx_HAL_Driver/Src/stm32f7xx_hal_i2c.o
LOAD ./Drivers/STM32F7xx_HAL_Driver/Src/stm32f7xx_hal_i2c_ex.o
LOAD ./Drivers/STM32F7xx_HAL_Driver/Src/stm32f7xx_hal_pwr.o
LOAD ./Drivers/STM32F7xx_HAL_Driver/Src/stm32f7xx_hal_pwr_ex.o
LOAD ./Drivers/STM32F7xx_HAL_Driver/Src/stm32f7xx_hal_rcc.o
LOAD ./Drivers/STM32F7xx_HAL_Driver/Src/stm32f7xx_hal_rcc_ex.o
LOAD ./Drivers/STM32F7xx_HAL_Driver/Src/stm32f7xx_hal_tim.o
LOAD ./Drivers/STM32F7xx_HAL_Driver/Src/stm32f7xx_hal_tim_ex.o
LOAD ./Drivers/STM32F7xx_HAL_Driver/Src/stm32f7xx_hal_uart.o
LOAD ./Drivers/STM32F7xx_HAL_Driver/Src/stm32f7xx_hal_uart_ex.o
LOAD ./pfv_drivers/algorithm.o
LOAD ./pfv_drivers/max30102_if.o
LOAD ./pfv_drivers/pfv_i2c.o
LOAD ./pfv_drivers/pfv_max30102.o
LOAD ./pfv_drivers/pfv_mkb0908.o
LOAD ./pfv_drivers/pfv_usart.o
LOAD ./usrApp/debug.o
START GROUP
LOAD D:/ST/STM32CubeIDE_1.14.0/STM32CubeIDE/plugins/com.st.stm32cube.ide.mcu.externaltools.gnu-tools-for-stm32.11.3.rel1.win32_1.1.100.202309141235/tools/bin/../lib/gcc/arm-none-eabi/11.3.1/../../../../arm-none-eabi/lib/thumb/v7e-m+dp/hard\libc_nano.a
LOAD D:/ST/STM32CubeIDE_1.14.0/STM32CubeIDE/plugins/com.st.stm32cube.ide.mcu.externaltools.gnu-tools-for-stm32.11.3.rel1.win32_1.1.100.202309141235/tools/bin/../lib/gcc/arm-none-eabi/11.3.1/../../../../arm-none-eabi/lib/thumb/v7e-m+dp/hard\libm.a
END GROUP
START GROUP
LOAD D:/ST/STM32CubeIDE_1.14.0/STM32CubeIDE/plugins/com.st.stm32cube.ide.mcu.externaltools.gnu-tools-for-stm32.11.3.rel1.win32_1.1.100.202309141235/tools/bin/../lib/gcc/arm-none-eabi/11.3.1/thumb/v7e-m+dp/hard\libgcc.a
LOAD D:/ST/STM32CubeIDE_1.14.0/STM32CubeIDE/plugins/com.st.stm32cube.ide.mcu.externaltools.gnu-tools-for-stm32.11.3.rel1.win32_1.1.100.202309141235/tools/bin/../lib/gcc/arm-none-eabi/11.3.1/../../../../arm-none-eabi/lib/thumb/v7e-m+dp/hard\libc_nano.a
END GROUP
START GROUP
LOAD D:/ST/STM32CubeIDE_1.14.0/STM32CubeIDE/plugins/com.st.stm32cube.ide.mcu.externaltools.gnu-tools-for-stm32.11.3.rel1.win32_1.1.100.202309141235/tools/bin/../lib/gcc/arm-none-eabi/11.3.1/thumb/v7e-m+dp/hard\libgcc.a
LOAD D:/ST/STM32CubeIDE_1.14.0/STM32CubeIDE/plugins/com.st.stm32cube.ide.mcu.externaltools.gnu-tools-for-stm32.11.3.rel1.win32_1.1.100.202309141235/tools/bin/../lib/gcc/arm-none-eabi/11.3.1/../../../../arm-none-eabi/lib/thumb/v7e-m+dp/hard\libc_nano.a
LOAD D:/ST/STM32CubeIDE_1.14.0/STM32CubeIDE/plugins/com.st.stm32cube.ide.mcu.externaltools.gnu-tools-for-stm32.11.3.rel1.win32_1.1.100.202309141235/tools/bin/../lib/gcc/arm-none-eabi/11.3.1/../../../../arm-none-eabi/lib/thumb/v7e-m+dp/hard\libnosys.a
END GROUP
START GROUP
LOAD D:/ST/STM32CubeIDE_1.14.0/STM32CubeIDE/plugins/com.st.stm32cube.ide.mcu.externaltools.gnu-tools-for-stm32.11.3.rel1.win32_1.1.100.202309141235/tools/bin/../lib/gcc/arm-none-eabi/11.3.1/thumb/v7e-m+dp/hard\libgcc.a
LOAD D:/ST/STM32CubeIDE_1.14.0/STM32CubeIDE/plugins/com.st.stm32cube.ide.mcu.externaltools.gnu-tools-for-stm32.11.3.rel1.win32_1.1.100.202309141235/tools/bin/../lib/gcc/arm-none-eabi/11.3.1/../../../../arm-none-eabi/lib/thumb/v7e-m+dp/hard\libc_nano.a
LOAD D:/ST/STM32CubeIDE_1.14.0/STM32CubeIDE/plugins/com.st.stm32cube.ide.mcu.externaltools.gnu-tools-for-stm32.11.3.rel1.win32_1.1.100.202309141235/tools/bin/../lib/gcc/arm-none-eabi/11.3.1/../../../../arm-none-eabi/lib/thumb/v7e-m+dp/hard\libnosys.a
END GROUP
LOAD D:/ST/STM32CubeIDE_1.14.0/STM32CubeIDE/plugins/com.st.stm32cube.ide.mcu.externaltools.gnu-tools-for-stm32.11.3.rel1.win32_1.1.100.202309141235/tools/bin/../lib/gcc/arm-none-eabi/11.3.1/thumb/v7e-m+dp/hard/crtend.o
LOAD D:/ST/STM32CubeIDE_1.14.0/STM32CubeIDE/plugins/com.st.stm32cube.ide.mcu.externaltools.gnu-tools-for-stm32.11.3.rel1.win32_1.1.100.202309141235/tools/bin/../lib/gcc/arm-none-eabi/11.3.1/thumb/v7e-m+dp/hard/crtn.o
                0x0000000020080000                _estack = (ORIGIN (RAM) + LENGTH (RAM))
                0x0000000000000200                _Min_Heap_Size = 0x200
                0x0000000000000400                _Min_Stack_Size = 0x400

.isr_vector     0x0000000008000000      0x1f8
                0x0000000008000000                . = ALIGN (0x4)
 *(.isr_vector)
 .isr_vector    0x0000000008000000      0x1f8 ./Core/Startup/startup_stm32f767zitx.o
                0x0000000008000000                g_pfnVectors
                0x00000000080001f8                . = ALIGN (0x4)

.text           0x0000000008000200     0x5444
                0x0000000008000200                . = ALIGN (0x4)
 *(.text)
 .text          0x0000000008000200       0x40 D:/ST/STM32CubeIDE_1.14.0/STM32CubeIDE/plugins/com.st.stm32cube.ide.mcu.externaltools.gnu-tools-for-stm32.11.3.rel1.win32_1.1.100.202309141235/tools/bin/../lib/gcc/arm-none-eabi/11.3.1/thumb/v7e-m+dp/hard/crtbegin.o
 .text          0x0000000008000240       0x10 D:/ST/STM32CubeIDE_1.14.0/STM32CubeIDE/plugins/com.st.stm32cube.ide.mcu.externaltools.gnu-tools-for-stm32.11.3.rel1.win32_1.1.100.202309141235/tools/bin/../lib/gcc/arm-none-eabi/11.3.1/../../../../arm-none-eabi/lib/thumb/v7e-m+dp/hard\libc_nano.a(libc_a-strlen.o)
                0x0000000008000240                strlen
 .text          0x0000000008000250       0xa0 D:/ST/STM32CubeIDE_1.14.0/STM32CubeIDE/plugins/com.st.stm32cube.ide.mcu.externaltools.gnu-tools-for-stm32.11.3.rel1.win32_1.1.100.202309141235/tools/bin/../lib/gcc/arm-none-eabi/11.3.1/../../../../arm-none-eabi/lib/thumb/v7e-m+dp/hard\libc_nano.a(libc_a-memchr.o)
                0x0000000008000250                memchr
 .text          0x00000000080002f0       0x30 D:/ST/STM32CubeIDE_1.14.0/STM32CubeIDE/plugins/com.st.stm32cube.ide.mcu.externaltools.gnu-tools-for-stm32.11.3.rel1.win32_1.1.100.202309141235/tools/bin/../lib/gcc/arm-none-eabi/11.3.1/thumb/v7e-m+dp/hard\libgcc.a(_aeabi_uldivmod.o)
                0x00000000080002f0                __aeabi_uldivmod
 .text          0x0000000008000320      0x2c8 D:/ST/STM32CubeIDE_1.14.0/STM32CubeIDE/plugins/com.st.stm32cube.ide.mcu.externaltools.gnu-tools-for-stm32.11.3.rel1.win32_1.1.100.202309141235/tools/bin/../lib/gcc/arm-none-eabi/11.3.1/thumb/v7e-m+dp/hard\libgcc.a(_udivmoddi4.o)
                0x0000000008000320                __udivmoddi4
 .text          0x00000000080005e8        0x4 D:/ST/STM32CubeIDE_1.14.0/STM32CubeIDE/plugins/com.st.stm32cube.ide.mcu.externaltools.gnu-tools-for-stm32.11.3.rel1.win32_1.1.100.202309141235/tools/bin/../lib/gcc/arm-none-eabi/11.3.1/thumb/v7e-m+dp/hard\libgcc.a(_dvmd_tls.o)
                0x00000000080005e8                __aeabi_idiv0
                0x00000000080005e8                __aeabi_ldiv0
 *(.text*)
 .text.MX_DMA_Init
                0x00000000080005ec       0x40 ./Core/Src/dma.o
                0x00000000080005ec                MX_DMA_Init
 .text.MX_GPIO_Init
                0x000000000800062c      0x130 ./Core/Src/gpio.o
                0x000000000800062c                MX_GPIO_Init
 .text.HAL_I2C_MspInit
                0x000000000800075c       0x6c ./Core/Src/i2c.o
                0x000000000800075c                HAL_I2C_MspInit
 .text.SystemClock_Config
                0x00000000080007c8       0xd0 ./Core/Src/main.o
                0x00000000080007c8                SystemClock_Config
 .text.startup.main
                0x0000000008000898      0x178 ./Core/Src/main.o
                0x0000000008000898                main
 .text.Error_Handler
                0x0000000008000a10        0x4 ./Core/Src/main.o
                0x0000000008000a10                Error_Handler
 .text.HAL_MspInit
                0x0000000008000a14       0x34 ./Core/Src/stm32f7xx_hal_msp.o
                0x0000000008000a14                HAL_MspInit
 .text.NMI_Handler
                0x0000000008000a48        0x2 ./Core/Src/stm32f7xx_it.o
                0x0000000008000a48                NMI_Handler
 .text.HardFault_Handler
                0x0000000008000a4a        0x2 ./Core/Src/stm32f7xx_it.o
                0x0000000008000a4a                HardFault_Handler
 .text.MemManage_Handler
                0x0000000008000a4c        0x2 ./Core/Src/stm32f7xx_it.o
                0x0000000008000a4c                MemManage_Handler
 .text.BusFault_Handler
                0x0000000008000a4e        0x2 ./Core/Src/stm32f7xx_it.o
                0x0000000008000a4e                BusFault_Handler
 .text.UsageFault_Handler
                0x0000000008000a50        0x2 ./Core/Src/stm32f7xx_it.o
                0x0000000008000a50                UsageFault_Handler
 .text.SVC_Handler
                0x0000000008000a52        0x2 ./Core/Src/stm32f7xx_it.o
                0x0000000008000a52                SVC_Handler
 .text.DebugMon_Handler
                0x0000000008000a54        0x2 ./Core/Src/stm32f7xx_it.o
                0x0000000008000a54                DebugMon_Handler
 .text.PendSV_Handler
                0x0000000008000a56        0x2 ./Core/Src/stm32f7xx_it.o
                0x0000000008000a56                PendSV_Handler
 .text.SysTick_Handler
                0x0000000008000a58        0x4 ./Core/Src/stm32f7xx_it.o
                0x0000000008000a58                SysTick_Handler
 .text.DMA1_Stream5_IRQHandler
                0x0000000008000a5c        0xc ./Core/Src/stm32f7xx_it.o
                0x0000000008000a5c                DMA1_Stream5_IRQHandler
 .text.DMA1_Stream6_IRQHandler
                0x0000000008000a68        0xc ./Core/Src/stm32f7xx_it.o
                0x0000000008000a68                DMA1_Stream6_IRQHandler
 .text.USART2_IRQHandler
                0x0000000008000a74       0x24 ./Core/Src/stm32f7xx_it.o
                0x0000000008000a74                USART2_IRQHandler
 .text.USART3_IRQHandler
                0x0000000008000a98        0xc ./Core/Src/stm32f7xx_it.o
                0x0000000008000a98                USART3_IRQHandler
 .text._read    0x0000000008000aa4       0x1c ./Core/Src/syscalls.o
                0x0000000008000aa4                _read
 .text._write   0x0000000008000ac0       0x1c ./Core/Src/syscalls.o
                0x0000000008000ac0                _write
 .text._close   0x0000000008000adc        0x6 ./Core/Src/syscalls.o
                0x0000000008000adc                _close
 .text._fstat   0x0000000008000ae2        0xa ./Core/Src/syscalls.o
                0x0000000008000ae2                _fstat
 .text._isatty  0x0000000008000aec        0x4 ./Core/Src/syscalls.o
                0x0000000008000aec                _isatty
 .text._lseek   0x0000000008000af0        0x4 ./Core/Src/syscalls.o
                0x0000000008000af0                _lseek
 .text._sbrk    0x0000000008000af4       0x40 ./Core/Src/sysmem.o
                0x0000000008000af4                _sbrk
 .text.SystemInit
                0x0000000008000b34       0x1c ./Core/Src/system_stm32f7xx.o
                0x0000000008000b34                SystemInit
 .text.MX_USART3_UART_Init
                0x0000000008000b50       0x3c ./Core/Src/usart.o
                0x0000000008000b50                MX_USART3_UART_Init
 .text.HAL_UART_MspInit
                0x0000000008000b8c      0x14c ./Core/Src/usart.o
                0x0000000008000b8c                HAL_UART_MspInit
 .text.Reset_Handler
                0x0000000008000cd8       0x50 ./Core/Startup/startup_stm32f767zitx.o
                0x0000000008000cd8                Reset_Handler
 .text.Default_Handler
                0x0000000008000d28        0x2 ./Core/Startup/startup_stm32f767zitx.o
                0x0000000008000d28                RTC_Alarm_IRQHandler
                0x0000000008000d28                EXTI2_IRQHandler
                0x0000000008000d28                TIM8_CC_IRQHandler
                0x0000000008000d28                UART8_IRQHandler
                0x0000000008000d28                SPI4_IRQHandler
                0x0000000008000d28                TIM1_CC_IRQHandler
                0x0000000008000d28                DMA2_Stream5_IRQHandler
                0x0000000008000d28                JPEG_IRQHandler
                0x0000000008000d28                CAN3_RX1_IRQHandler
                0x0000000008000d28                PVD_IRQHandler
                0x0000000008000d28                TAMP_STAMP_IRQHandler
                0x0000000008000d28                CAN2_RX1_IRQHandler
                0x0000000008000d28                EXTI3_IRQHandler
                0x0000000008000d28                TIM8_TRG_COM_TIM14_IRQHandler
                0x0000000008000d28                DFSDM1_FLT1_IRQHandler
                0x0000000008000d28                TIM1_UP_TIM10_IRQHandler
                0x0000000008000d28                TIM8_UP_TIM13_IRQHandler
                0x0000000008000d28                I2C3_ER_IRQHandler
                0x0000000008000d28                DFSDM1_FLT2_IRQHandler
                0x0000000008000d28                EXTI0_IRQHandler
                0x0000000008000d28                I2C2_EV_IRQHandler
                0x0000000008000d28                DMA1_Stream2_IRQHandler
                0x0000000008000d28                CAN1_RX0_IRQHandler
                0x0000000008000d28                FPU_IRQHandler
                0x0000000008000d28                OTG_HS_WKUP_IRQHandler
                0x0000000008000d28                CAN3_SCE_IRQHandler
                0x0000000008000d28                LTDC_ER_IRQHandler
                0x0000000008000d28                CAN2_SCE_IRQHandler
                0x0000000008000d28                DMA2_Stream2_IRQHandler
                0x0000000008000d28                SPI1_IRQHandler
                0x0000000008000d28                TIM6_DAC_IRQHandler
                0x0000000008000d28                TIM1_BRK_TIM9_IRQHandler
                0x0000000008000d28                DCMI_IRQHandler
                0x0000000008000d28                CAN2_RX0_IRQHandler
                0x0000000008000d28                DMA2_Stream3_IRQHandler
                0x0000000008000d28                SAI2_IRQHandler
                0x0000000008000d28                DFSDM1_FLT3_IRQHandler
                0x0000000008000d28                USART6_IRQHandler
                0x0000000008000d28                CAN3_RX0_IRQHandler
                0x0000000008000d28                CAN1_RX1_IRQHandler
                0x0000000008000d28                UART5_IRQHandler
                0x0000000008000d28                DMA2_Stream0_IRQHandler
                0x0000000008000d28                TIM4_IRQHandler
                0x0000000008000d28                QUADSPI_IRQHandler
                0x0000000008000d28                I2C1_EV_IRQHandler
                0x0000000008000d28                DMA1_Stream1_IRQHandler
                0x0000000008000d28                UART4_IRQHandler
                0x0000000008000d28                TIM3_IRQHandler
                0x0000000008000d28                RCC_IRQHandler
                0x0000000008000d28                TIM8_BRK_TIM12_IRQHandler
                0x0000000008000d28                Default_Handler
                0x0000000008000d28                CEC_IRQHandler
                0x0000000008000d28                EXTI15_10_IRQHandler
                0x0000000008000d28                ADC_IRQHandler
                0x0000000008000d28                DMA1_Stream7_IRQHandler
                0x0000000008000d28                SPI5_IRQHandler
                0x0000000008000d28                TIM7_IRQHandler
                0x0000000008000d28                SDMMC1_IRQHandler
                0x0000000008000d28                CAN2_TX_IRQHandler
                0x0000000008000d28                TIM5_IRQHandler
                0x0000000008000d28                DMA2_Stream7_IRQHandler
                0x0000000008000d28                I2C3_EV_IRQHandler
                0x0000000008000d28                EXTI9_5_IRQHandler
                0x0000000008000d28                RTC_WKUP_IRQHandler
                0x0000000008000d28                LTDC_IRQHandler
                0x0000000008000d28                ETH_WKUP_IRQHandler
                0x0000000008000d28                SPDIF_RX_IRQHandler
                0x0000000008000d28                SPI2_IRQHandler
                0x0000000008000d28                OTG_HS_EP1_IN_IRQHandler
                0x0000000008000d28                DMA1_Stream0_IRQHandler
                0x0000000008000d28                CAN1_TX_IRQHandler
                0x0000000008000d28                EXTI4_IRQHandler
                0x0000000008000d28                RNG_IRQHandler
                0x0000000008000d28                ETH_IRQHandler
                0x0000000008000d28                OTG_HS_EP1_OUT_IRQHandler
                0x0000000008000d28                WWDG_IRQHandler
                0x0000000008000d28                SPI6_IRQHandler
                0x0000000008000d28                MDIOS_IRQHandler
                0x0000000008000d28                I2C4_EV_IRQHandler
                0x0000000008000d28                CAN3_TX_IRQHandler
                0x0000000008000d28                TIM2_IRQHandler
                0x0000000008000d28                OTG_FS_WKUP_IRQHandler
                0x0000000008000d28                TIM1_TRG_COM_TIM11_IRQHandler
                0x0000000008000d28                OTG_HS_IRQHandler
                0x0000000008000d28                DMA2D_IRQHandler
                0x0000000008000d28                EXTI1_IRQHandler
                0x0000000008000d28                SDMMC2_IRQHandler
                0x0000000008000d28                UART7_IRQHandler
                0x0000000008000d28                DFSDM1_FLT0_IRQHandler
                0x0000000008000d28                I2C2_ER_IRQHandler
                0x0000000008000d28                DMA2_Stream1_IRQHandler
                0x0000000008000d28                CAN1_SCE_IRQHandler
                0x0000000008000d28                FLASH_IRQHandler
                0x0000000008000d28                DMA2_Stream4_IRQHandler
                0x0000000008000d28                USART1_IRQHandler
                0x0000000008000d28                OTG_FS_IRQHandler
                0x0000000008000d28                SPI3_IRQHandler
                0x0000000008000d28                DMA1_Stream4_IRQHandler
                0x0000000008000d28                I2C1_ER_IRQHandler
                0x0000000008000d28                FMC_IRQHandler
                0x0000000008000d28                LPTIM1_IRQHandler
                0x0000000008000d28                I2C4_ER_IRQHandler
                0x0000000008000d28                DMA2_Stream6_IRQHandler
                0x0000000008000d28                SAI1_IRQHandler
                0x0000000008000d28                DMA1_Stream3_IRQHandler
 *fill*         0x0000000008000d2a        0x2 
 .text.HAL_InitTick
                0x0000000008000d2c       0x48 ./Drivers/STM32F7xx_HAL_Driver/Src/stm32f7xx_hal.o
                0x0000000008000d2c                HAL_InitTick
 .text.HAL_Init
                0x0000000008000d74       0x16 ./Drivers/STM32F7xx_HAL_Driver/Src/stm32f7xx_hal.o
                0x0000000008000d74                HAL_Init
 *fill*         0x0000000008000d8a        0x2 
 .text.HAL_IncTick
                0x0000000008000d8c       0x18 ./Drivers/STM32F7xx_HAL_Driver/Src/stm32f7xx_hal.o
                0x0000000008000d8c                HAL_IncTick
 .text.HAL_GetTick
                0x0000000008000da4        0xc ./Drivers/STM32F7xx_HAL_Driver/Src/stm32f7xx_hal.o
                0x0000000008000da4                HAL_GetTick
 .text.HAL_NVIC_SetPriorityGrouping
                0x0000000008000db0       0x24 ./Drivers/STM32F7xx_HAL_Driver/Src/stm32f7xx_hal_cortex.o
                0x0000000008000db0                HAL_NVIC_SetPriorityGrouping
 .text.HAL_NVIC_SetPriority
                0x0000000008000dd4       0x64 ./Drivers/STM32F7xx_HAL_Driver/Src/stm32f7xx_hal_cortex.o
                0x0000000008000dd4                HAL_NVIC_SetPriority
 .text.HAL_NVIC_EnableIRQ
                0x0000000008000e38       0x1c ./Drivers/STM32F7xx_HAL_Driver/Src/stm32f7xx_hal_cortex.o
                0x0000000008000e38                HAL_NVIC_EnableIRQ
 .text.HAL_SYSTICK_Config
                0x0000000008000e54       0x28 ./Drivers/STM32F7xx_HAL_Driver/Src/stm32f7xx_hal_cortex.o
                0x0000000008000e54                HAL_SYSTICK_Config
 .text.DMA_CalcBaseAndBitshift
                0x0000000008000e7c       0x2c ./Drivers/STM32F7xx_HAL_Driver/Src/stm32f7xx_hal_dma.o
 .text.HAL_DMA_Init
                0x0000000008000ea8       0xfc ./Drivers/STM32F7xx_HAL_Driver/Src/stm32f7xx_hal_dma.o
                0x0000000008000ea8                HAL_DMA_Init
 .text.HAL_DMA_Start_IT
                0x0000000008000fa4       0x7a ./Drivers/STM32F7xx_HAL_Driver/Src/stm32f7xx_hal_dma.o
                0x0000000008000fa4                HAL_DMA_Start_IT
 .text.HAL_DMA_Abort
                0x000000000800101e       0x88 ./Drivers/STM32F7xx_HAL_Driver/Src/stm32f7xx_hal_dma.o
                0x000000000800101e                HAL_DMA_Abort
 .text.HAL_DMA_Abort_IT
                0x00000000080010a6       0x24 ./Drivers/STM32F7xx_HAL_Driver/Src/stm32f7xx_hal_dma.o
                0x00000000080010a6                HAL_DMA_Abort_IT
 *fill*         0x00000000080010ca        0x2 
 .text.HAL_DMA_IRQHandler
                0x00000000080010cc      0x17c ./Drivers/STM32F7xx_HAL_Driver/Src/stm32f7xx_hal_dma.o
                0x00000000080010cc                HAL_DMA_IRQHandler
 .text.HAL_DMA_GetError
                0x0000000008001248        0x4 ./Drivers/STM32F7xx_HAL_Driver/Src/stm32f7xx_hal_dma.o
                0x0000000008001248                HAL_DMA_GetError
 .text.HAL_GPIO_Init
                0x000000000800124c      0x1c4 ./Drivers/STM32F7xx_HAL_Driver/Src/stm32f7xx_hal_gpio.o
                0x000000000800124c                HAL_GPIO_Init
 .text.HAL_GPIO_ReadPin
                0x0000000008001410        0xc ./Drivers/STM32F7xx_HAL_Driver/Src/stm32f7xx_hal_gpio.o
                0x0000000008001410                HAL_GPIO_ReadPin
 .text.HAL_GPIO_WritePin
                0x000000000800141c        0xa ./Drivers/STM32F7xx_HAL_Driver/Src/stm32f7xx_hal_gpio.o
                0x000000000800141c                HAL_GPIO_WritePin
 .text.HAL_GPIO_TogglePin
                0x0000000008001426        0xc ./Drivers/STM32F7xx_HAL_Driver/Src/stm32f7xx_hal_gpio.o
                0x0000000008001426                HAL_GPIO_TogglePin
 .text.I2C_Flush_TXDR
                0x0000000008001432       0x1c ./Drivers/STM32F7xx_HAL_Driver/Src/stm32f7xx_hal_i2c.o
 *fill*         0x000000000800144e        0x2 
 .text.I2C_TransferConfig
                0x0000000008001450       0x28 ./Drivers/STM32F7xx_HAL_Driver/Src/stm32f7xx_hal_i2c.o
 .text.I2C_IsAcknowledgeFailed
                0x0000000008001478       0x82 ./Drivers/STM32F7xx_HAL_Driver/Src/stm32f7xx_hal_i2c.o
 .text.I2C_WaitOnTXISFlagUntilTimeout
                0x00000000080014fa       0x4e ./Drivers/STM32F7xx_HAL_Driver/Src/stm32f7xx_hal_i2c.o
 .text.I2C_WaitOnFlagUntilTimeout
                0x0000000008001548       0x54 ./Drivers/STM32F7xx_HAL_Driver/Src/stm32f7xx_hal_i2c.o
 .text.I2C_RequestMemoryWrite
                0x000000000800159c       0x6c ./Drivers/STM32F7xx_HAL_Driver/Src/stm32f7xx_hal_i2c.o
 .text.I2C_RequestMemoryRead
                0x0000000008001608       0x6c ./Drivers/STM32F7xx_HAL_Driver/Src/stm32f7xx_hal_i2c.o
 .text.I2C_WaitOnSTOPFlagUntilTimeout
                0x0000000008001674       0x4a ./Drivers/STM32F7xx_HAL_Driver/Src/stm32f7xx_hal_i2c.o
 .text.HAL_I2C_Init
                0x00000000080016be       0xa2 ./Drivers/STM32F7xx_HAL_Driver/Src/stm32f7xx_hal_i2c.o
                0x00000000080016be                HAL_I2C_Init
 .text.HAL_I2C_Mem_Write
                0x0000000008001760      0x16c ./Drivers/STM32F7xx_HAL_Driver/Src/stm32f7xx_hal_i2c.o
                0x0000000008001760                HAL_I2C_Mem_Write
 .text.HAL_I2C_Mem_Read
                0x00000000080018cc      0x178 ./Drivers/STM32F7xx_HAL_Driver/Src/stm32f7xx_hal_i2c.o
                0x00000000080018cc                HAL_I2C_Mem_Read
 .text.HAL_I2CEx_ConfigAnalogFilter
                0x0000000008001a44       0x4c ./Drivers/STM32F7xx_HAL_Driver/Src/stm32f7xx_hal_i2c_ex.o
                0x0000000008001a44                HAL_I2CEx_ConfigAnalogFilter
 .text.HAL_I2CEx_ConfigDigitalFilter
                0x0000000008001a90       0x4a ./Drivers/STM32F7xx_HAL_Driver/Src/stm32f7xx_hal_i2c_ex.o
                0x0000000008001a90                HAL_I2CEx_ConfigDigitalFilter
 *fill*         0x0000000008001ada        0x2 
 .text.HAL_PWR_EnableBkUpAccess
                0x0000000008001adc       0x10 ./Drivers/STM32F7xx_HAL_Driver/Src/stm32f7xx_hal_pwr.o
                0x0000000008001adc                HAL_PWR_EnableBkUpAccess
 .text.HAL_PWREx_EnableOverDrive
                0x0000000008001aec       0x70 ./Drivers/STM32F7xx_HAL_Driver/Src/stm32f7xx_hal_pwr_ex.o
                0x0000000008001aec                HAL_PWREx_EnableOverDrive
 .text.HAL_RCC_OscConfig
                0x0000000008001b5c      0x384 ./Drivers/STM32F7xx_HAL_Driver/Src/stm32f7xx_hal_rcc.o
                0x0000000008001b5c                HAL_RCC_OscConfig
 .text.HAL_RCC_GetSysClockFreq
                0x0000000008001ee0       0x5c ./Drivers/STM32F7xx_HAL_Driver/Src/stm32f7xx_hal_rcc.o
                0x0000000008001ee0                HAL_RCC_GetSysClockFreq
 .text.HAL_RCC_ClockConfig
                0x0000000008001f3c      0x13c ./Drivers/STM32F7xx_HAL_Driver/Src/stm32f7xx_hal_rcc.o
                0x0000000008001f3c                HAL_RCC_ClockConfig
 .text.HAL_RCC_GetPCLK1Freq
                0x0000000008002078       0x20 ./Drivers/STM32F7xx_HAL_Driver/Src/stm32f7xx_hal_rcc.o
                0x0000000008002078                HAL_RCC_GetPCLK1Freq
 .text.HAL_RCC_GetPCLK2Freq
                0x0000000008002098       0x20 ./Drivers/STM32F7xx_HAL_Driver/Src/stm32f7xx_hal_rcc.o
                0x0000000008002098                HAL_RCC_GetPCLK2Freq
 .text.HAL_RCCEx_PeriphCLKConfig
                0x00000000080020b8      0x564 ./Drivers/STM32F7xx_HAL_Driver/Src/stm32f7xx_hal_rcc_ex.o
                0x00000000080020b8                HAL_RCCEx_PeriphCLKConfig
 .text.UART_EndRxTransfer
                0x000000000800261c       0x1c ./Drivers/STM32F7xx_HAL_Driver/Src/stm32f7xx_hal_uart.o
 .text.HAL_UART_Receive_IT
                0x0000000008002638       0xac ./Drivers/STM32F7xx_HAL_Driver/Src/stm32f7xx_hal_uart.o
                0x0000000008002638                HAL_UART_Receive_IT
 .text.HAL_UART_Receive_DMA
                0x00000000080026e4       0x90 ./Drivers/STM32F7xx_HAL_Driver/Src/stm32f7xx_hal_uart.o
                0x00000000080026e4                HAL_UART_Receive_DMA
 .text.HAL_UART_DMAStop
                0x0000000008002774       0x7a ./Drivers/STM32F7xx_HAL_Driver/Src/stm32f7xx_hal_uart.o
                0x0000000008002774                HAL_UART_DMAStop
 .text.HAL_UART_TxCpltCallback
                0x00000000080027ee        0x2 ./Drivers/STM32F7xx_HAL_Driver/Src/stm32f7xx_hal_uart.o
                0x00000000080027ee                HAL_UART_TxCpltCallback
 .text.UART_RxISR_8BIT
                0x00000000080027f0       0x58 ./Drivers/STM32F7xx_HAL_Driver/Src/stm32f7xx_hal_uart.o
 .text.UART_RxISR_16BIT
                0x0000000008002848       0x54 ./Drivers/STM32F7xx_HAL_Driver/Src/stm32f7xx_hal_uart.o
 .text.UART_DMAReceiveCplt
                0x000000000800289c       0x38 ./Drivers/STM32F7xx_HAL_Driver/Src/stm32f7xx_hal_uart.o
 .text.HAL_UART_RxHalfCpltCallback
                0x00000000080028d4        0x2 ./Drivers/STM32F7xx_HAL_Driver/Src/stm32f7xx_hal_uart.o
                0x00000000080028d4                HAL_UART_RxHalfCpltCallback
 .text.UART_DMARxHalfCplt
                0x00000000080028d6        0xa ./Drivers/STM32F7xx_HAL_Driver/Src/stm32f7xx_hal_uart.o
 .text.HAL_UART_ErrorCallback
                0x00000000080028e0        0x2 ./Drivers/STM32F7xx_HAL_Driver/Src/stm32f7xx_hal_uart.o
                0x00000000080028e0                HAL_UART_ErrorCallback
 .text.UART_DMAError
                0x00000000080028e2       0x48 ./Drivers/STM32F7xx_HAL_Driver/Src/stm32f7xx_hal_uart.o
 .text.UART_DMAAbortOnError
                0x000000000800292a       0x14 ./Drivers/STM32F7xx_HAL_Driver/Src/stm32f7xx_hal_uart.o
 .text.HAL_UARTEx_WakeupCallback
                0x000000000800293e        0x2 ./Drivers/STM32F7xx_HAL_Driver/Src/stm32f7xx_hal_uart.o
                0x000000000800293e                HAL_UARTEx_WakeupCallback
 .text.HAL_UART_IRQHandler
                0x0000000008002940      0x148 ./Drivers/STM32F7xx_HAL_Driver/Src/stm32f7xx_hal_uart.o
                0x0000000008002940                HAL_UART_IRQHandler
 .text.UART_SetConfig
                0x0000000008002a88      0x2c4 ./Drivers/STM32F7xx_HAL_Driver/Src/stm32f7xx_hal_uart.o
                0x0000000008002a88                UART_SetConfig
 .text.UART_AdvFeatureConfig
                0x0000000008002d4c       0xaa ./Drivers/STM32F7xx_HAL_Driver/Src/stm32f7xx_hal_uart.o
                0x0000000008002d4c                UART_AdvFeatureConfig
 .text.UART_WaitOnFlagUntilTimeout
                0x0000000008002df6       0x8a ./Drivers/STM32F7xx_HAL_Driver/Src/stm32f7xx_hal_uart.o
                0x0000000008002df6                UART_WaitOnFlagUntilTimeout
 .text.HAL_UART_Transmit
                0x0000000008002e80       0xb2 ./Drivers/STM32F7xx_HAL_Driver/Src/stm32f7xx_hal_uart.o
                0x0000000008002e80                HAL_UART_Transmit
 .text.UART_CheckIdleState
                0x0000000008002f32       0x62 ./Drivers/STM32F7xx_HAL_Driver/Src/stm32f7xx_hal_uart.o
                0x0000000008002f32                UART_CheckIdleState
 .text.HAL_UART_Init
                0x0000000008002f94       0x5c ./Drivers/STM32F7xx_HAL_Driver/Src/stm32f7xx_hal_uart.o
                0x0000000008002f94                HAL_UART_Init
 .text.maxim_peaks_above_min_height
                0x0000000008002ff0       0x64 ./pfv_drivers/algorithm.o
                0x0000000008002ff0                maxim_peaks_above_min_height
 .text.maxim_sort_ascend
                0x0000000008003054       0x2c ./pfv_drivers/algorithm.o
                0x0000000008003054                maxim_sort_ascend
 .text.maxim_sort_indices_descend
                0x0000000008003080       0x40 ./pfv_drivers/algorithm.o
                0x0000000008003080                maxim_sort_indices_descend
 .text.maxim_remove_close_peaks
                0x00000000080030c0       0x6a ./pfv_drivers/algorithm.o
                0x00000000080030c0                maxim_remove_close_peaks
 .text.maxim_find_peaks
                0x000000000800312a       0x22 ./pfv_drivers/algorithm.o
                0x000000000800312a                maxim_find_peaks
 .text.maxim_heart_rate_and_oxygen_saturation
                0x000000000800314c      0x378 ./pfv_drivers/algorithm.o
                0x000000000800314c                maxim_heart_rate_and_oxygen_saturation
 .text.Heart_Sensor_Init
                0x00000000080034c4        0xe ./pfv_drivers/max30102_if.o
                0x00000000080034c4                Heart_Sensor_Init
 *fill*         0x00000000080034d2        0x2 
 .text.Get_HeartRate_and_Oxygen
                0x00000000080034d4      0x140 ./pfv_drivers/max30102_if.o
                0x00000000080034d4                Get_HeartRate_and_Oxygen
 .text.pfv_I2C_Config
                0x0000000008003614       0xc4 ./pfv_drivers/pfv_i2c.o
                0x0000000008003614                pfv_I2C_Config
 .text.pfc_I2C_WriteByte
                0x00000000080036d8       0x40 ./pfv_drivers/pfv_i2c.o
                0x00000000080036d8                pfc_I2C_WriteByte
 .text.pfv_I2C_ReadByte
                0x0000000008003718       0x3c ./pfv_drivers/pfv_i2c.o
                0x0000000008003718                pfv_I2C_ReadByte
 .text.pfv_I2C_ReadMultByte
                0x0000000008003754       0x3c ./pfv_drivers/pfv_i2c.o
                0x0000000008003754                pfv_I2C_ReadMultByte
 .text.max30102_Bus_Write
                0x0000000008003790       0x20 ./pfv_drivers/pfv_max30102.o
                0x0000000008003790                max30102_Bus_Write
 .text.max30102_Bus_Read
                0x00000000080037b0       0x24 ./pfv_drivers/pfv_max30102.o
                0x00000000080037b0                max30102_Bus_Read
 .text.max30102_FIFO_ReadBytes
                0x00000000080037d4       0x3c ./pfv_drivers/pfv_max30102.o
                0x00000000080037d4                max30102_FIFO_ReadBytes
 .text.max30102_reset
                0x0000000008003810       0x16 ./pfv_drivers/pfv_max30102.o
                0x0000000008003810                max30102_reset
 *fill*         0x0000000008003826        0x2 
 .text.maxim_max30102_read_reg
                0x0000000008003828       0x18 ./pfv_drivers/pfv_max30102.o
                0x0000000008003828                maxim_max30102_read_reg
 .text.max30102_readDeviceID
                0x0000000008003840       0x3c ./pfv_drivers/pfv_max30102.o
                0x0000000008003840                max30102_readDeviceID
 .text.max30102_init
                0x000000000800387c      0x140 ./pfv_drivers/pfv_max30102.o
                0x000000000800387c                max30102_init
 .text.Receive_Handle
                0x00000000080039bc       0xd0 ./pfv_drivers/pfv_mkb0908.o
                0x00000000080039bc                Receive_Handle
 .text.UART2_Callback_Handler
                0x0000000008003a8c       0x48 ./pfv_drivers/pfv_usart.o
                0x0000000008003a8c                UART2_Callback_Handler
 .text.os_time_get
                0x0000000008003ad4        0x4 ./usrApp/debug.o
                0x0000000008003ad4                os_time_get
 .text.HAL_UART_RxCpltCallback
                0x0000000008003ad8      0x1e8 ./usrApp/debug.o
                0x0000000008003ad8                HAL_UART_RxCpltCallback
 .text.__io_putchar
                0x0000000008003cc0       0x20 ./usrApp/debug.o
                0x0000000008003cc0                __io_putchar
 .text.DebugLevelInit
                0x0000000008003ce0        0xc ./usrApp/debug.o
                0x0000000008003ce0                DebugLevelInit
 .text.std      0x0000000008003cec       0x6c D:/ST/STM32CubeIDE_1.14.0/STM32CubeIDE/plugins/com.st.stm32cube.ide.mcu.externaltools.gnu-tools-for-stm32.11.3.rel1.win32_1.1.100.202309141235/tools/bin/../lib/gcc/arm-none-eabi/11.3.1/../../../../arm-none-eabi/lib/thumb/v7e-m+dp/hard\libc_nano.a(libc_a-findfp.o)
 .text.stdio_exit_handler
                0x0000000008003d58       0x18 D:/ST/STM32CubeIDE_1.14.0/STM32CubeIDE/plugins/com.st.stm32cube.ide.mcu.externaltools.gnu-tools-for-stm32.11.3.rel1.win32_1.1.100.202309141235/tools/bin/../lib/gcc/arm-none-eabi/11.3.1/../../../../arm-none-eabi/lib/thumb/v7e-m+dp/hard\libc_nano.a(libc_a-findfp.o)
 .text.cleanup_stdio
                0x0000000008003d70       0x40 D:/ST/STM32CubeIDE_1.14.0/STM32CubeIDE/plugins/com.st.stm32cube.ide.mcu.externaltools.gnu-tools-for-stm32.11.3.rel1.win32_1.1.100.202309141235/tools/bin/../lib/gcc/arm-none-eabi/11.3.1/../../../../arm-none-eabi/lib/thumb/v7e-m+dp/hard\libc_nano.a(libc_a-findfp.o)
 .text.global_stdio_init.part.0
                0x0000000008003db0       0x3c D:/ST/STM32CubeIDE_1.14.0/STM32CubeIDE/plugins/com.st.stm32cube.ide.mcu.externaltools.gnu-tools-for-stm32.11.3.rel1.win32_1.1.100.202309141235/tools/bin/../lib/gcc/arm-none-eabi/11.3.1/../../../../arm-none-eabi/lib/thumb/v7e-m+dp/hard\libc_nano.a(libc_a-findfp.o)
 .text.__sfp_lock_acquire
                0x0000000008003dec        0xc D:/ST/STM32CubeIDE_1.14.0/STM32CubeIDE/plugins/com.st.stm32cube.ide.mcu.externaltools.gnu-tools-for-stm32.11.3.rel1.win32_1.1.100.202309141235/tools/bin/../lib/gcc/arm-none-eabi/11.3.1/../../../../arm-none-eabi/lib/thumb/v7e-m+dp/hard\libc_nano.a(libc_a-findfp.o)
                0x0000000008003dec                __sfp_lock_acquire
 .text.__sfp_lock_release
                0x0000000008003df8        0xc D:/ST/STM32CubeIDE_1.14.0/STM32CubeIDE/plugins/com.st.stm32cube.ide.mcu.externaltools.gnu-tools-for-stm32.11.3.rel1.win32_1.1.100.202309141235/tools/bin/../lib/gcc/arm-none-eabi/11.3.1/../../../../arm-none-eabi/lib/thumb/v7e-m+dp/hard\libc_nano.a(libc_a-findfp.o)
                0x0000000008003df8                __sfp_lock_release
 .text.__sinit  0x0000000008003e04       0x30 D:/ST/STM32CubeIDE_1.14.0/STM32CubeIDE/plugins/com.st.stm32cube.ide.mcu.externaltools.gnu-tools-for-stm32.11.3.rel1.win32_1.1.100.202309141235/tools/bin/../lib/gcc/arm-none-eabi/11.3.1/../../../../arm-none-eabi/lib/thumb/v7e-m+dp/hard\libc_nano.a(libc_a-findfp.o)
                0x0000000008003e04                __sinit
 .text._fwalk_sglue
                0x0000000008003e34       0x3c D:/ST/STM32CubeIDE_1.14.0/STM32CubeIDE/plugins/com.st.stm32cube.ide.mcu.externaltools.gnu-tools-for-stm32.11.3.rel1.win32_1.1.100.202309141235/tools/bin/../lib/gcc/arm-none-eabi/11.3.1/../../../../arm-none-eabi/lib/thumb/v7e-m+dp/hard\libc_nano.a(libc_a-fwalk.o)
                0x0000000008003e34                _fwalk_sglue
 .text.printf   0x0000000008003e70       0x24 D:/ST/STM32CubeIDE_1.14.0/STM32CubeIDE/plugins/com.st.stm32cube.ide.mcu.externaltools.gnu-tools-for-stm32.11.3.rel1.win32_1.1.100.202309141235/tools/bin/../lib/gcc/arm-none-eabi/11.3.1/../../../../arm-none-eabi/lib/thumb/v7e-m+dp/hard\libc_nano.a(libc_a-printf.o)
                0x0000000008003e70                iprintf
                0x0000000008003e70                printf
 .text._puts_r  0x0000000008003e94       0xa8 D:/ST/STM32CubeIDE_1.14.0/STM32CubeIDE/plugins/com.st.stm32cube.ide.mcu.externaltools.gnu-tools-for-stm32.11.3.rel1.win32_1.1.100.202309141235/tools/bin/../lib/gcc/arm-none-eabi/11.3.1/../../../../arm-none-eabi/lib/thumb/v7e-m+dp/hard\libc_nano.a(libc_a-puts.o)
                0x0000000008003e94                _puts_r
 .text.puts     0x0000000008003f3c       0x10 D:/ST/STM32CubeIDE_1.14.0/STM32CubeIDE/plugins/com.st.stm32cube.ide.mcu.externaltools.gnu-tools-for-stm32.11.3.rel1.win32_1.1.100.202309141235/tools/bin/../lib/gcc/arm-none-eabi/11.3.1/../../../../arm-none-eabi/lib/thumb/v7e-m+dp/hard\libc_nano.a(libc_a-puts.o)
                0x0000000008003f3c                puts
 .text.sscanf   0x0000000008003f4c       0x58 D:/ST/STM32CubeIDE_1.14.0/STM32CubeIDE/plugins/com.st.stm32cube.ide.mcu.externaltools.gnu-tools-for-stm32.11.3.rel1.win32_1.1.100.202309141235/tools/bin/../lib/gcc/arm-none-eabi/11.3.1/../../../../arm-none-eabi/lib/thumb/v7e-m+dp/hard\libc_nano.a(libc_a-sscanf.o)
                0x0000000008003f4c                siscanf
                0x0000000008003f4c                sscanf
 .text.__sread  0x0000000008003fa4       0x22 D:/ST/STM32CubeIDE_1.14.0/STM32CubeIDE/plugins/com.st.stm32cube.ide.mcu.externaltools.gnu-tools-for-stm32.11.3.rel1.win32_1.1.100.202309141235/tools/bin/../lib/gcc/arm-none-eabi/11.3.1/../../../../arm-none-eabi/lib/thumb/v7e-m+dp/hard\libc_nano.a(libc_a-stdio.o)
                0x0000000008003fa4                __sread
 .text.__seofread
                0x0000000008003fc6        0x4 D:/ST/STM32CubeIDE_1.14.0/STM32CubeIDE/plugins/com.st.stm32cube.ide.mcu.externaltools.gnu-tools-for-stm32.11.3.rel1.win32_1.1.100.202309141235/tools/bin/../lib/gcc/arm-none-eabi/11.3.1/../../../../arm-none-eabi/lib/thumb/v7e-m+dp/hard\libc_nano.a(libc_a-stdio.o)
                0x0000000008003fc6                __seofread
 .text.__swrite
                0x0000000008003fca       0x38 D:/ST/STM32CubeIDE_1.14.0/STM32CubeIDE/plugins/com.st.stm32cube.ide.mcu.externaltools.gnu-tools-for-stm32.11.3.rel1.win32_1.1.100.202309141235/tools/bin/../lib/gcc/arm-none-eabi/11.3.1/../../../../arm-none-eabi/lib/thumb/v7e-m+dp/hard\libc_nano.a(libc_a-stdio.o)
                0x0000000008003fca                __swrite
 .text.__sseek  0x0000000008004002       0x24 D:/ST/STM32CubeIDE_1.14.0/STM32CubeIDE/plugins/com.st.stm32cube.ide.mcu.externaltools.gnu-tools-for-stm32.11.3.rel1.win32_1.1.100.202309141235/tools/bin/../lib/gcc/arm-none-eabi/11.3.1/../../../../arm-none-eabi/lib/thumb/v7e-m+dp/hard\libc_nano.a(libc_a-stdio.o)
                0x0000000008004002                __sseek
 .text.__sclose
                0x0000000008004026        0x8 D:/ST/STM32CubeIDE_1.14.0/STM32CubeIDE/plugins/com.st.stm32cube.ide.mcu.externaltools.gnu-tools-for-stm32.11.3.rel1.win32_1.1.100.202309141235/tools/bin/../lib/gcc/arm-none-eabi/11.3.1/../../../../arm-none-eabi/lib/thumb/v7e-m+dp/hard\libc_nano.a(libc_a-stdio.o)
                0x0000000008004026                __sclose
 .text.__swbuf_r
                0x000000000800402e       0x7a D:/ST/STM32CubeIDE_1.14.0/STM32CubeIDE/plugins/com.st.stm32cube.ide.mcu.externaltools.gnu-tools-for-stm32.11.3.rel1.win32_1.1.100.202309141235/tools/bin/../lib/gcc/arm-none-eabi/11.3.1/../../../../arm-none-eabi/lib/thumb/v7e-m+dp/hard\libc_nano.a(libc_a-wbuf.o)
                0x000000000800402e                __swbuf_r
 .text.__swsetup_r
                0x00000000080040a8       0xb0 D:/ST/STM32CubeIDE_1.14.0/STM32CubeIDE/plugins/com.st.stm32cube.ide.mcu.externaltools.gnu-tools-for-stm32.11.3.rel1.win32_1.1.100.202309141235/tools/bin/../lib/gcc/arm-none-eabi/11.3.1/../../../../arm-none-eabi/lib/thumb/v7e-m+dp/hard\libc_nano.a(libc_a-wsetup.o)
                0x00000000080040a8                __swsetup_r
 .text.memset   0x0000000008004158       0x10 D:/ST/STM32CubeIDE_1.14.0/STM32CubeIDE/plugins/com.st.stm32cube.ide.mcu.externaltools.gnu-tools-for-stm32.11.3.rel1.win32_1.1.100.202309141235/tools/bin/../lib/gcc/arm-none-eabi/11.3.1/../../../../arm-none-eabi/lib/thumb/v7e-m+dp/hard\libc_nano.a(libc_a-memset.o)
                0x0000000008004158                memset
 .text.strchr   0x0000000008004168       0x1a D:/ST/STM32CubeIDE_1.14.0/STM32CubeIDE/plugins/com.st.stm32cube.ide.mcu.externaltools.gnu-tools-for-stm32.11.3.rel1.win32_1.1.100.202309141235/tools/bin/../lib/gcc/arm-none-eabi/11.3.1/../../../../arm-none-eabi/lib/thumb/v7e-m+dp/hard\libc_nano.a(libc_a-strchr.o)
                0x0000000008004168                strchr
 *fill*         0x0000000008004182        0x2 
 .text._close_r
                0x0000000008004184       0x20 D:/ST/STM32CubeIDE_1.14.0/STM32CubeIDE/plugins/com.st.stm32cube.ide.mcu.externaltools.gnu-tools-for-stm32.11.3.rel1.win32_1.1.100.202309141235/tools/bin/../lib/gcc/arm-none-eabi/11.3.1/../../../../arm-none-eabi/lib/thumb/v7e-m+dp/hard\libc_nano.a(libc_a-closer.o)
                0x0000000008004184                _close_r
 .text._lseek_r
                0x00000000080041a4       0x24 D:/ST/STM32CubeIDE_1.14.0/STM32CubeIDE/plugins/com.st.stm32cube.ide.mcu.externaltools.gnu-tools-for-stm32.11.3.rel1.win32_1.1.100.202309141235/tools/bin/../lib/gcc/arm-none-eabi/11.3.1/../../../../arm-none-eabi/lib/thumb/v7e-m+dp/hard\libc_nano.a(libc_a-lseekr.o)
                0x00000000080041a4                _lseek_r
 .text._read_r  0x00000000080041c8       0x24 D:/ST/STM32CubeIDE_1.14.0/STM32CubeIDE/plugins/com.st.stm32cube.ide.mcu.externaltools.gnu-tools-for-stm32.11.3.rel1.win32_1.1.100.202309141235/tools/bin/../lib/gcc/arm-none-eabi/11.3.1/../../../../arm-none-eabi/lib/thumb/v7e-m+dp/hard\libc_nano.a(libc_a-readr.o)
                0x00000000080041c8                _read_r
 .text._write_r
                0x00000000080041ec       0x24 D:/ST/STM32CubeIDE_1.14.0/STM32CubeIDE/plugins/com.st.stm32cube.ide.mcu.externaltools.gnu-tools-for-stm32.11.3.rel1.win32_1.1.100.202309141235/tools/bin/../lib/gcc/arm-none-eabi/11.3.1/../../../../arm-none-eabi/lib/thumb/v7e-m+dp/hard\libc_nano.a(libc_a-writer.o)
                0x00000000080041ec                _write_r
 .text.__errno  0x0000000008004210        0xc D:/ST/STM32CubeIDE_1.14.0/STM32CubeIDE/plugins/com.st.stm32cube.ide.mcu.externaltools.gnu-tools-for-stm32.11.3.rel1.win32_1.1.100.202309141235/tools/bin/../lib/gcc/arm-none-eabi/11.3.1/../../../../arm-none-eabi/lib/thumb/v7e-m+dp/hard\libc_nano.a(libc_a-errno.o)
                0x0000000008004210                __errno
 .text.__libc_init_array
                0x000000000800421c       0x48 D:/ST/STM32CubeIDE_1.14.0/STM32CubeIDE/plugins/com.st.stm32cube.ide.mcu.externaltools.gnu-tools-for-stm32.11.3.rel1.win32_1.1.100.202309141235/tools/bin/../lib/gcc/arm-none-eabi/11.3.1/../../../../arm-none-eabi/lib/thumb/v7e-m+dp/hard\libc_nano.a(libc_a-init.o)
                0x000000000800421c                __libc_init_array
 .text.__retarget_lock_init_recursive
                0x0000000008004264        0x2 D:/ST/STM32CubeIDE_1.14.0/STM32CubeIDE/plugins/com.st.stm32cube.ide.mcu.externaltools.gnu-tools-for-stm32.11.3.rel1.win32_1.1.100.202309141235/tools/bin/../lib/gcc/arm-none-eabi/11.3.1/../../../../arm-none-eabi/lib/thumb/v7e-m+dp/hard\libc_nano.a(libc_a-lock.o)
                0x0000000008004264                __retarget_lock_init_recursive
 .text.__retarget_lock_acquire_recursive
                0x0000000008004266        0x2 D:/ST/STM32CubeIDE_1.14.0/STM32CubeIDE/plugins/com.st.stm32cube.ide.mcu.externaltools.gnu-tools-for-stm32.11.3.rel1.win32_1.1.100.202309141235/tools/bin/../lib/gcc/arm-none-eabi/11.3.1/../../../../arm-none-eabi/lib/thumb/v7e-m+dp/hard\libc_nano.a(libc_a-lock.o)
                0x0000000008004266                __retarget_lock_acquire_recursive
 .text.__retarget_lock_release_recursive
                0x0000000008004268        0x2 D:/ST/STM32CubeIDE_1.14.0/STM32CubeIDE/plugins/com.st.stm32cube.ide.mcu.externaltools.gnu-tools-for-stm32.11.3.rel1.win32_1.1.100.202309141235/tools/bin/../lib/gcc/arm-none-eabi/11.3.1/../../../../arm-none-eabi/lib/thumb/v7e-m+dp/hard\libc_nano.a(libc_a-lock.o)
                0x0000000008004268                __retarget_lock_release_recursive
 *fill*         0x000000000800426a        0x2 
 .text._free_r  0x000000000800426c       0x98 D:/ST/STM32CubeIDE_1.14.0/STM32CubeIDE/plugins/com.st.stm32cube.ide.mcu.externaltools.gnu-tools-for-stm32.11.3.rel1.win32_1.1.100.202309141235/tools/bin/../lib/gcc/arm-none-eabi/11.3.1/../../../../arm-none-eabi/lib/thumb/v7e-m+dp/hard\libc_nano.a(libc_a-freer.o)
                0x000000000800426c                _free_r
 .text.sbrk_aligned
                0x0000000008004304       0x40 D:/ST/STM32CubeIDE_1.14.0/STM32CubeIDE/plugins/com.st.stm32cube.ide.mcu.externaltools.gnu-tools-for-stm32.11.3.rel1.win32_1.1.100.202309141235/tools/bin/../lib/gcc/arm-none-eabi/11.3.1/../../../../arm-none-eabi/lib/thumb/v7e-m+dp/hard\libc_nano.a(libc_a-mallocr.o)
 .text._malloc_r
                0x0000000008004344      0x100 D:/ST/STM32CubeIDE_1.14.0/STM32CubeIDE/plugins/com.st.stm32cube.ide.mcu.externaltools.gnu-tools-for-stm32.11.3.rel1.win32_1.1.100.202309141235/tools/bin/../lib/gcc/arm-none-eabi/11.3.1/../../../../arm-none-eabi/lib/thumb/v7e-m+dp/hard\libc_nano.a(libc_a-mallocr.o)
                0x0000000008004344                _malloc_r
 .text.__malloc_lock
                0x0000000008004444        0xc D:/ST/STM32CubeIDE_1.14.0/STM32CubeIDE/plugins/com.st.stm32cube.ide.mcu.externaltools.gnu-tools-for-stm32.11.3.rel1.win32_1.1.100.202309141235/tools/bin/../lib/gcc/arm-none-eabi/11.3.1/../../../../arm-none-eabi/lib/thumb/v7e-m+dp/hard\libc_nano.a(libc_a-mlock.o)
                0x0000000008004444                __malloc_lock
 .text.__malloc_unlock
                0x0000000008004450        0xc D:/ST/STM32CubeIDE_1.14.0/STM32CubeIDE/plugins/com.st.stm32cube.ide.mcu.externaltools.gnu-tools-for-stm32.11.3.rel1.win32_1.1.100.202309141235/tools/bin/../lib/gcc/arm-none-eabi/11.3.1/../../../../arm-none-eabi/lib/thumb/v7e-m+dp/hard\libc_nano.a(libc_a-mlock.o)
                0x0000000008004450                __malloc_unlock
 .text._sungetc_r
                0x000000000800445c       0x7a D:/ST/STM32CubeIDE_1.14.0/STM32CubeIDE/plugins/com.st.stm32cube.ide.mcu.externaltools.gnu-tools-for-stm32.11.3.rel1.win32_1.1.100.202309141235/tools/bin/../lib/gcc/arm-none-eabi/11.3.1/../../../../arm-none-eabi/lib/thumb/v7e-m+dp/hard\libc_nano.a(libc_a-nano-svfscanf.o)
                0x000000000800445c                _sungetc_r
 .text.__ssrefill_r
                0x00000000080044d6       0x3a D:/ST/STM32CubeIDE_1.14.0/STM32CubeIDE/plugins/com.st.stm32cube.ide.mcu.externaltools.gnu-tools-for-stm32.11.3.rel1.win32_1.1.100.202309141235/tools/bin/../lib/gcc/arm-none-eabi/11.3.1/../../../../arm-none-eabi/lib/thumb/v7e-m+dp/hard\libc_nano.a(libc_a-nano-svfscanf.o)
                0x00000000080044d6                __ssrefill_r
 .text.__ssvfscanf_r
                0x0000000008004510      0x2f0 D:/ST/STM32CubeIDE_1.14.0/STM32CubeIDE/plugins/com.st.stm32cube.ide.mcu.externaltools.gnu-tools-for-stm32.11.3.rel1.win32_1.1.100.202309141235/tools/bin/../lib/gcc/arm-none-eabi/11.3.1/../../../../arm-none-eabi/lib/thumb/v7e-m+dp/hard\libc_nano.a(libc_a-nano-svfscanf.o)
                0x0000000008004510                __ssvfiscanf_r
                0x0000000008004510                __ssvfscanf_r
 .text.__sfputc_r
                0x0000000008004800       0x2e D:/ST/STM32CubeIDE_1.14.0/STM32CubeIDE/plugins/com.st.stm32cube.ide.mcu.externaltools.gnu-tools-for-stm32.11.3.rel1.win32_1.1.100.202309141235/tools/bin/../lib/gcc/arm-none-eabi/11.3.1/../../../../arm-none-eabi/lib/thumb/v7e-m+dp/hard\libc_nano.a(libc_a-nano-vfprintf.o)
 .text.__sfputs_r
                0x000000000800482e       0x24 D:/ST/STM32CubeIDE_1.14.0/STM32CubeIDE/plugins/com.st.stm32cube.ide.mcu.externaltools.gnu-tools-for-stm32.11.3.rel1.win32_1.1.100.202309141235/tools/bin/../lib/gcc/arm-none-eabi/11.3.1/../../../../arm-none-eabi/lib/thumb/v7e-m+dp/hard\libc_nano.a(libc_a-nano-vfprintf.o)
                0x000000000800482e                __sfputs_r
 *fill*         0x0000000008004852        0x2 
 .text._vfprintf_r
                0x0000000008004854      0x234 D:/ST/STM32CubeIDE_1.14.0/STM32CubeIDE/plugins/com.st.stm32cube.ide.mcu.externaltools.gnu-tools-for-stm32.11.3.rel1.win32_1.1.100.202309141235/tools/bin/../lib/gcc/arm-none-eabi/11.3.1/../../../../arm-none-eabi/lib/thumb/v7e-m+dp/hard\libc_nano.a(libc_a-nano-vfprintf.o)
                0x0000000008004854                _vfprintf_r
                0x0000000008004854                _vfiprintf_r
 .text._printf_common
                0x0000000008004a88       0xda D:/ST/STM32CubeIDE_1.14.0/STM32CubeIDE/plugins/com.st.stm32cube.ide.mcu.externaltools.gnu-tools-for-stm32.11.3.rel1.win32_1.1.100.202309141235/tools/bin/../lib/gcc/arm-none-eabi/11.3.1/../../../../arm-none-eabi/lib/thumb/v7e-m+dp/hard\libc_nano.a(libc_a-nano-vfprintf_i.o)
                0x0000000008004a88                _printf_common
 *fill*         0x0000000008004b62        0x2 
 .text._printf_i
                0x0000000008004b64      0x244 D:/ST/STM32CubeIDE_1.14.0/STM32CubeIDE/plugins/com.st.stm32cube.ide.mcu.externaltools.gnu-tools-for-stm32.11.3.rel1.win32_1.1.100.202309141235/tools/bin/../lib/gcc/arm-none-eabi/11.3.1/../../../../arm-none-eabi/lib/thumb/v7e-m+dp/hard\libc_nano.a(libc_a-nano-vfprintf_i.o)
                0x0000000008004b64                _printf_i
 .text._scanf_chars
                0x0000000008004da8       0xb4 D:/ST/STM32CubeIDE_1.14.0/STM32CubeIDE/plugins/com.st.stm32cube.ide.mcu.externaltools.gnu-tools-for-stm32.11.3.rel1.win32_1.1.100.202309141235/tools/bin/../lib/gcc/arm-none-eabi/11.3.1/../../../../arm-none-eabi/lib/thumb/v7e-m+dp/hard\libc_nano.a(libc_a-nano-vfscanf_i.o)
                0x0000000008004da8                _scanf_chars
 .text._scanf_i
                0x0000000008004e5c      0x1e8 D:/ST/STM32CubeIDE_1.14.0/STM32CubeIDE/plugins/com.st.stm32cube.ide.mcu.externaltools.gnu-tools-for-stm32.11.3.rel1.win32_1.1.100.202309141235/tools/bin/../lib/gcc/arm-none-eabi/11.3.1/../../../../arm-none-eabi/lib/thumb/v7e-m+dp/hard\libc_nano.a(libc_a-nano-vfscanf_i.o)
                0x0000000008004e5c                _scanf_i
 .text.__sflush_r
                0x0000000008005044      0x10c D:/ST/STM32CubeIDE_1.14.0/STM32CubeIDE/plugins/com.st.stm32cube.ide.mcu.externaltools.gnu-tools-for-stm32.11.3.rel1.win32_1.1.100.202309141235/tools/bin/../lib/gcc/arm-none-eabi/11.3.1/../../../../arm-none-eabi/lib/thumb/v7e-m+dp/hard\libc_nano.a(libc_a-fflush.o)
                0x0000000008005044                __sflush_r
 .text._fflush_r
                0x0000000008005150       0x50 D:/ST/STM32CubeIDE_1.14.0/STM32CubeIDE/plugins/com.st.stm32cube.ide.mcu.externaltools.gnu-tools-for-stm32.11.3.rel1.win32_1.1.100.202309141235/tools/bin/../lib/gcc/arm-none-eabi/11.3.1/../../../../arm-none-eabi/lib/thumb/v7e-m+dp/hard\libc_nano.a(libc_a-fflush.o)
                0x0000000008005150                _fflush_r
 .text.__swhatbuf_r
                0x00000000080051a0       0x4c D:/ST/STM32CubeIDE_1.14.0/STM32CubeIDE/plugins/com.st.stm32cube.ide.mcu.externaltools.gnu-tools-for-stm32.11.3.rel1.win32_1.1.100.202309141235/tools/bin/../lib/gcc/arm-none-eabi/11.3.1/../../../../arm-none-eabi/lib/thumb/v7e-m+dp/hard\libc_nano.a(libc_a-makebuf.o)
                0x00000000080051a0                __swhatbuf_r
 .text.__smakebuf_r
                0x00000000080051ec       0x78 D:/ST/STM32CubeIDE_1.14.0/STM32CubeIDE/plugins/com.st.stm32cube.ide.mcu.externaltools.gnu-tools-for-stm32.11.3.rel1.win32_1.1.100.202309141235/tools/bin/../lib/gcc/arm-none-eabi/11.3.1/../../../../arm-none-eabi/lib/thumb/v7e-m+dp/hard\libc_nano.a(libc_a-makebuf.o)
                0x00000000080051ec                __smakebuf_r
 .text.__sccl   0x0000000008005264       0x72 D:/ST/STM32CubeIDE_1.14.0/STM32CubeIDE/plugins/com.st.stm32cube.ide.mcu.externaltools.gnu-tools-for-stm32.11.3.rel1.win32_1.1.100.202309141235/tools/bin/../lib/gcc/arm-none-eabi/11.3.1/../../../../arm-none-eabi/lib/thumb/v7e-m+dp/hard\libc_nano.a(libc_a-sccl.o)
                0x0000000008005264                __sccl
 .text.__submore
                0x00000000080052d6       0x74 D:/ST/STM32CubeIDE_1.14.0/STM32CubeIDE/plugins/com.st.stm32cube.ide.mcu.externaltools.gnu-tools-for-stm32.11.3.rel1.win32_1.1.100.202309141235/tools/bin/../lib/gcc/arm-none-eabi/11.3.1/../../../../arm-none-eabi/lib/thumb/v7e-m+dp/hard\libc_nano.a(libc_a-ungetc.o)
                0x00000000080052d6                __submore
 *fill*         0x000000000800534a        0x2 
 .text._fstat_r
                0x000000000800534c       0x24 D:/ST/STM32CubeIDE_1.14.0/STM32CubeIDE/plugins/com.st.stm32cube.ide.mcu.externaltools.gnu-tools-for-stm32.11.3.rel1.win32_1.1.100.202309141235/tools/bin/../lib/gcc/arm-none-eabi/11.3.1/../../../../arm-none-eabi/lib/thumb/v7e-m+dp/hard\libc_nano.a(libc_a-fstatr.o)
                0x000000000800534c                _fstat_r
 .text._isatty_r
                0x0000000008005370       0x20 D:/ST/STM32CubeIDE_1.14.0/STM32CubeIDE/plugins/com.st.stm32cube.ide.mcu.externaltools.gnu-tools-for-stm32.11.3.rel1.win32_1.1.100.202309141235/tools/bin/../lib/gcc/arm-none-eabi/11.3.1/../../../../arm-none-eabi/lib/thumb/v7e-m+dp/hard\libc_nano.a(libc_a-isattyr.o)
                0x0000000008005370                _isatty_r
 .text._sbrk_r  0x0000000008005390       0x20 D:/ST/STM32CubeIDE_1.14.0/STM32CubeIDE/plugins/com.st.stm32cube.ide.mcu.externaltools.gnu-tools-for-stm32.11.3.rel1.win32_1.1.100.202309141235/tools/bin/../lib/gcc/arm-none-eabi/11.3.1/../../../../arm-none-eabi/lib/thumb/v7e-m+dp/hard\libc_nano.a(libc_a-sbrkr.o)
                0x0000000008005390                _sbrk_r
 .text.memcpy   0x00000000080053b0       0x1c D:/ST/STM32CubeIDE_1.14.0/STM32CubeIDE/plugins/com.st.stm32cube.ide.mcu.externaltools.gnu-tools-for-stm32.11.3.rel1.win32_1.1.100.202309141235/tools/bin/../lib/gcc/arm-none-eabi/11.3.1/../../../../arm-none-eabi/lib/thumb/v7e-m+dp/hard\libc_nano.a(libc_a-memcpy-stub.o)
                0x00000000080053b0                memcpy
 .text._realloc_r
                0x00000000080053cc       0x5e D:/ST/STM32CubeIDE_1.14.0/STM32CubeIDE/plugins/com.st.stm32cube.ide.mcu.externaltools.gnu-tools-for-stm32.11.3.rel1.win32_1.1.100.202309141235/tools/bin/../lib/gcc/arm-none-eabi/11.3.1/../../../../arm-none-eabi/lib/thumb/v7e-m+dp/hard\libc_nano.a(libc_a-reallocr.o)
                0x00000000080053cc                _realloc_r
 *fill*         0x000000000800542a        0x2 
 .text._strtol_l.constprop.0
                0x000000000800542c      0x104 D:/ST/STM32CubeIDE_1.14.0/STM32CubeIDE/plugins/com.st.stm32cube.ide.mcu.externaltools.gnu-tools-for-stm32.11.3.rel1.win32_1.1.100.202309141235/tools/bin/../lib/gcc/arm-none-eabi/11.3.1/../../../../arm-none-eabi/lib/thumb/v7e-m+dp/hard\libc_nano.a(libc_a-strtol.o)
 .text._strtol_r
                0x0000000008005530        0x4 D:/ST/STM32CubeIDE_1.14.0/STM32CubeIDE/plugins/com.st.stm32cube.ide.mcu.externaltools.gnu-tools-for-stm32.11.3.rel1.win32_1.1.100.202309141235/tools/bin/../lib/gcc/arm-none-eabi/11.3.1/../../../../arm-none-eabi/lib/thumb/v7e-m+dp/hard\libc_nano.a(libc_a-strtol.o)
                0x0000000008005530                _strtol_r
 .text._strtoul_l.constprop.0
                0x0000000008005534       0xe4 D:/ST/STM32CubeIDE_1.14.0/STM32CubeIDE/plugins/com.st.stm32cube.ide.mcu.externaltools.gnu-tools-for-stm32.11.3.rel1.win32_1.1.100.202309141235/tools/bin/../lib/gcc/arm-none-eabi/11.3.1/../../../../arm-none-eabi/lib/thumb/v7e-m+dp/hard\libc_nano.a(libc_a-strtoul.o)
 .text._strtoul_r
                0x0000000008005618        0x4 D:/ST/STM32CubeIDE_1.14.0/STM32CubeIDE/plugins/com.st.stm32cube.ide.mcu.externaltools.gnu-tools-for-stm32.11.3.rel1.win32_1.1.100.202309141235/tools/bin/../lib/gcc/arm-none-eabi/11.3.1/../../../../arm-none-eabi/lib/thumb/v7e-m+dp/hard\libc_nano.a(libc_a-strtoul.o)
                0x0000000008005618                _strtoul_r
 .text._malloc_usable_size_r
                0x000000000800561c       0x10 D:/ST/STM32CubeIDE_1.14.0/STM32CubeIDE/plugins/com.st.stm32cube.ide.mcu.externaltools.gnu-tools-for-stm32.11.3.rel1.win32_1.1.100.202309141235/tools/bin/../lib/gcc/arm-none-eabi/11.3.1/../../../../arm-none-eabi/lib/thumb/v7e-m+dp/hard\libc_nano.a(libc_a-msizer.o)
                0x000000000800561c                _malloc_usable_size_r
 *(.glue_7)
 .glue_7        0x000000000800562c        0x0 linker stubs
 *(.glue_7t)
 .glue_7t       0x000000000800562c        0x0 linker stubs
 *(.eh_frame)
 .eh_frame      0x000000000800562c        0x0 D:/ST/STM32CubeIDE_1.14.0/STM32CubeIDE/plugins/com.st.stm32cube.ide.mcu.externaltools.gnu-tools-for-stm32.11.3.rel1.win32_1.1.100.202309141235/tools/bin/../lib/gcc/arm-none-eabi/11.3.1/thumb/v7e-m+dp/hard/crtbegin.o
 *(.init)
 .init          0x000000000800562c        0x4 D:/ST/STM32CubeIDE_1.14.0/STM32CubeIDE/plugins/com.st.stm32cube.ide.mcu.externaltools.gnu-tools-for-stm32.11.3.rel1.win32_1.1.100.202309141235/tools/bin/../lib/gcc/arm-none-eabi/11.3.1/thumb/v7e-m+dp/hard/crti.o
                0x000000000800562c                _init
 .init          0x0000000008005630        0x8 D:/ST/STM32CubeIDE_1.14.0/STM32CubeIDE/plugins/com.st.stm32cube.ide.mcu.externaltools.gnu-tools-for-stm32.11.3.rel1.win32_1.1.100.202309141235/tools/bin/../lib/gcc/arm-none-eabi/11.3.1/thumb/v7e-m+dp/hard/crtn.o
 *(.fini)
 .fini          0x0000000008005638        0x4 D:/ST/STM32CubeIDE_1.14.0/STM32CubeIDE/plugins/com.st.stm32cube.ide.mcu.externaltools.gnu-tools-for-stm32.11.3.rel1.win32_1.1.100.202309141235/tools/bin/../lib/gcc/arm-none-eabi/11.3.1/thumb/v7e-m+dp/hard/crti.o
                0x0000000008005638                _fini
 .fini          0x000000000800563c        0x8 D:/ST/STM32CubeIDE_1.14.0/STM32CubeIDE/plugins/com.st.stm32cube.ide.mcu.externaltools.gnu-tools-for-stm32.11.3.rel1.win32_1.1.100.202309141235/tools/bin/../lib/gcc/arm-none-eabi/11.3.1/thumb/v7e-m+dp/hard/crtn.o
                0x0000000008005644                . = ALIGN (0x4)
                0x0000000008005644                _etext = .

.vfp11_veneer   0x0000000008005644        0x0
 .vfp11_veneer  0x0000000008005644        0x0 linker stubs

.v4_bx          0x0000000008005644        0x0
 .v4_bx         0x0000000008005644        0x0 linker stubs

.iplt           0x0000000008005644        0x0
 .iplt          0x0000000008005644        0x0 D:/ST/STM32CubeIDE_1.14.0/STM32CubeIDE/plugins/com.st.stm32cube.ide.mcu.externaltools.gnu-tools-for-stm32.11.3.rel1.win32_1.1.100.202309141235/tools/bin/../lib/gcc/arm-none-eabi/11.3.1/thumb/v7e-m+dp/hard/crtbegin.o

.rodata         0x0000000008005644      0x40c
                0x0000000008005644                . = ALIGN (0x4)
 *(.rodata)
 .rodata        0x0000000008005644        0xc D:/ST/STM32CubeIDE_1.14.0/STM32CubeIDE/plugins/com.st.stm32cube.ide.mcu.externaltools.gnu-tools-for-stm32.11.3.rel1.win32_1.1.100.202309141235/tools/bin/../lib/gcc/arm-none-eabi/11.3.1/../../../../arm-none-eabi/lib/thumb/v7e-m+dp/hard\libc_nano.a(libc_a-nano-vfscanf_i.o)
 *(.rodata*)
 .rodata.main.str1.1
                0x0000000008005650       0xb3 ./Core/Src/main.o
 .rodata.AHBPrescTable
                0x0000000008005703       0x10 ./Core/Src/system_stm32f7xx.o
                0x0000000008005703                AHBPrescTable
 .rodata.APBPrescTable
                0x0000000008005713        0x8 ./Core/Src/system_stm32f7xx.o
                0x0000000008005713                APBPrescTable
 .rodata.flagBitshiftOffset.0
                0x000000000800571b        0x8 ./Drivers/STM32F7xx_HAL_Driver/Src/stm32f7xx_hal_dma.o
 .rodata.CSWTCH.53
                0x0000000008005723        0x3 ./Drivers/STM32F7xx_HAL_Driver/Src/stm32f7xx_hal_uart.o
 .rodata.CSWTCH.54
                0x0000000008005726        0xd ./Drivers/STM32F7xx_HAL_Driver/Src/stm32f7xx_hal_uart.o
 *fill*         0x0000000008005733        0x1 
 .rodata.auw_hamm
                0x0000000008005734       0x3e ./pfv_drivers/algorithm.o
                0x0000000008005734                auw_hamm
 .rodata.uch_spo2_table
                0x0000000008005772       0xb8 ./pfv_drivers/algorithm.o
                0x0000000008005772                uch_spo2_table
 .rodata.max30102_init.str1.1
                0x000000000800582a       0x34 ./pfv_drivers/pfv_max30102.o
                                         0x56 (size before relaxing)
 .rodata.Receive_Handle.str1.1
                0x000000000800585e       0x12 ./pfv_drivers/pfv_mkb0908.o
                                         0x24 (size before relaxing)
 .rodata.HAL_UART_RxCpltCallback.str1.1
                0x0000000008005870       0x91 ./usrApp/debug.o
                                         0xb3 (size before relaxing)
 .rodata.__ssvfscanf_r.str1.1
                0x0000000008005901        0x4 D:/ST/STM32CubeIDE_1.14.0/STM32CubeIDE/plugins/com.st.stm32cube.ide.mcu.externaltools.gnu-tools-for-stm32.11.3.rel1.win32_1.1.100.202309141235/tools/bin/../lib/gcc/arm-none-eabi/11.3.1/../../../../arm-none-eabi/lib/thumb/v7e-m+dp/hard\libc_nano.a(libc_a-nano-svfscanf.o)
 .rodata._vfprintf_r.str1.1
                0x0000000008005905        0xd D:/ST/STM32CubeIDE_1.14.0/STM32CubeIDE/plugins/com.st.stm32cube.ide.mcu.externaltools.gnu-tools-for-stm32.11.3.rel1.win32_1.1.100.202309141235/tools/bin/../lib/gcc/arm-none-eabi/11.3.1/../../../../arm-none-eabi/lib/thumb/v7e-m+dp/hard\libc_nano.a(libc_a-nano-vfprintf.o)
                                         0x11 (size before relaxing)
 .rodata._printf_i.str1.1
                0x0000000008005912       0x22 D:/ST/STM32CubeIDE_1.14.0/STM32CubeIDE/plugins/com.st.stm32cube.ide.mcu.externaltools.gnu-tools-for-stm32.11.3.rel1.win32_1.1.100.202309141235/tools/bin/../lib/gcc/arm-none-eabi/11.3.1/../../../../arm-none-eabi/lib/thumb/v7e-m+dp/hard\libc_nano.a(libc_a-nano-vfprintf_i.o)
 .rodata._scanf_i.str1.1
                0x0000000008005934       0x12 D:/ST/STM32CubeIDE_1.14.0/STM32CubeIDE/plugins/com.st.stm32cube.ide.mcu.externaltools.gnu-tools-for-stm32.11.3.rel1.win32_1.1.100.202309141235/tools/bin/../lib/gcc/arm-none-eabi/11.3.1/../../../../arm-none-eabi/lib/thumb/v7e-m+dp/hard\libc_nano.a(libc_a-nano-vfscanf_i.o)
 .rodata.str1.1
                0x0000000008005946        0x9 D:/ST/STM32CubeIDE_1.14.0/STM32CubeIDE/plugins/com.st.stm32cube.ide.mcu.externaltools.gnu-tools-for-stm32.11.3.rel1.win32_1.1.100.202309141235/tools/bin/../lib/gcc/arm-none-eabi/11.3.1/../../../../arm-none-eabi/lib/thumb/v7e-m+dp/hard\libc_nano.a(libc_a-nano-vfscanf_i.o)
 .rodata._ctype_
                0x000000000800594f      0x101 D:/ST/STM32CubeIDE_1.14.0/STM32CubeIDE/plugins/com.st.stm32cube.ide.mcu.externaltools.gnu-tools-for-stm32.11.3.rel1.win32_1.1.100.202309141235/tools/bin/../lib/gcc/arm-none-eabi/11.3.1/../../../../arm-none-eabi/lib/thumb/v7e-m+dp/hard\libc_nano.a(libc_a-ctype_.o)
                0x000000000800594f                _ctype_
                0x0000000008005a50                . = ALIGN (0x4)

.ARM.extab      0x0000000008005a50        0x0
                0x0000000008005a50                . = ALIGN (0x4)
 *(.ARM.extab* .gnu.linkonce.armextab.*)
                0x0000000008005a50                . = ALIGN (0x4)

.ARM            0x0000000008005a50        0x8
                0x0000000008005a50                . = ALIGN (0x4)
                0x0000000008005a50                __exidx_start = .
 *(.ARM.exidx*)
 .ARM.exidx     0x0000000008005a50        0x8 D:/ST/STM32CubeIDE_1.14.0/STM32CubeIDE/plugins/com.st.stm32cube.ide.mcu.externaltools.gnu-tools-for-stm32.11.3.rel1.win32_1.1.100.202309141235/tools/bin/../lib/gcc/arm-none-eabi/11.3.1/thumb/v7e-m+dp/hard\libgcc.a(_udivmoddi4.o)
                0x0000000008005a58                __exidx_end = .
                0x0000000008005a58                . = ALIGN (0x4)

.rel.dyn        0x0000000008005a58        0x0
 .rel.iplt      0x0000000008005a58        0x0 D:/ST/STM32CubeIDE_1.14.0/STM32CubeIDE/plugins/com.st.stm32cube.ide.mcu.externaltools.gnu-tools-for-stm32.11.3.rel1.win32_1.1.100.202309141235/tools/bin/../lib/gcc/arm-none-eabi/11.3.1/thumb/v7e-m+dp/hard/crtbegin.o

.preinit_array  0x0000000008005a58        0x0
                0x0000000008005a58                . = ALIGN (0x4)
                0x0000000008005a58                PROVIDE (__preinit_array_start = .)
 *(.preinit_array*)
                0x0000000008005a58                PROVIDE (__preinit_array_end = .)
                0x0000000008005a58                . = ALIGN (0x4)

.init_array     0x0000000008005a58        0x4
                0x0000000008005a58                . = ALIGN (0x4)
                0x0000000008005a58                PROVIDE (__init_array_start = .)
 *(SORT_BY_NAME(.init_array.*))
 *(.init_array*)
 .init_array    0x0000000008005a58        0x4 D:/ST/STM32CubeIDE_1.14.0/STM32CubeIDE/plugins/com.st.stm32cube.ide.mcu.externaltools.gnu-tools-for-stm32.11.3.rel1.win32_1.1.100.202309141235/tools/bin/../lib/gcc/arm-none-eabi/11.3.1/thumb/v7e-m+dp/hard/crtbegin.o
                0x0000000008005a5c                PROVIDE (__init_array_end = .)
                0x0000000008005a5c                . = ALIGN (0x4)

.fini_array     0x0000000008005a5c        0x4
                0x0000000008005a5c                . = ALIGN (0x4)
                [!provide]                        PROVIDE (__fini_array_start = .)
 *(SORT_BY_NAME(.fini_array.*))
 *(.fini_array*)
 .fini_array    0x0000000008005a5c        0x4 D:/ST/STM32CubeIDE_1.14.0/STM32CubeIDE/plugins/com.st.stm32cube.ide.mcu.externaltools.gnu-tools-for-stm32.11.3.rel1.win32_1.1.100.202309141235/tools/bin/../lib/gcc/arm-none-eabi/11.3.1/thumb/v7e-m+dp/hard/crtbegin.o
                [!provide]                        PROVIDE (__fini_array_end = .)
                0x0000000008005a60                . = ALIGN (0x4)
                0x0000000008005a60                _sidata = LOADADDR (.data)

.data           0x0000000020000000       0xb8 load address 0x0000000008005a60
                0x0000000020000000                . = ALIGN (0x4)
                0x0000000020000000                _sdata = .
 *(.data)
 *(.data*)
 .data.SystemCoreClock
                0x0000000020000000        0x4 ./Core/Src/system_stm32f7xx.o
                0x0000000020000000                SystemCoreClock
 .data.uwTickFreq
                0x0000000020000004        0x1 ./Drivers/STM32F7xx_HAL_Driver/Src/stm32f7xx_hal.o
                0x0000000020000004                uwTickFreq
 *fill*         0x0000000020000005        0x3 
 .data.uwTickPrio
                0x0000000020000008        0x4 ./Drivers/STM32F7xx_HAL_Driver/Src/stm32f7xx_hal.o
                0x0000000020000008                uwTickPrio
 .data.I2C_Dev_Tree
                0x000000002000000c       0x1c ./pfv_drivers/pfv_i2c.o
                0x000000002000000c                I2C_Dev_Tree
 .data.g_MAX30102_Dev
                0x0000000020000028       0x16 ./pfv_drivers/pfv_max30102.o
                0x0000000020000028                g_MAX30102_Dev
 .data.g_MKB0908_Device
                0x000000002000003e       0x16 ./pfv_drivers/pfv_mkb0908.o
                0x000000002000003e                g_MKB0908_Device
 .data.ret_status
                0x0000000020000054        0x1 ./pfv_drivers/pfv_mkb0908.o
 *fill*         0x0000000020000055        0x3 
 .data.dbg_level
                0x0000000020000058        0x4 ./usrApp/debug.o
                0x0000000020000058                dbg_level
 .data.__sglue  0x000000002000005c        0xc D:/ST/STM32CubeIDE_1.14.0/STM32CubeIDE/plugins/com.st.stm32cube.ide.mcu.externaltools.gnu-tools-for-stm32.11.3.rel1.win32_1.1.100.202309141235/tools/bin/../lib/gcc/arm-none-eabi/11.3.1/../../../../arm-none-eabi/lib/thumb/v7e-m+dp/hard\libc_nano.a(libc_a-findfp.o)
                0x000000002000005c                __sglue
 .data._impure_data
                0x0000000020000068       0x4c D:/ST/STM32CubeIDE_1.14.0/STM32CubeIDE/plugins/com.st.stm32cube.ide.mcu.externaltools.gnu-tools-for-stm32.11.3.rel1.win32_1.1.100.202309141235/tools/bin/../lib/gcc/arm-none-eabi/11.3.1/../../../../arm-none-eabi/lib/thumb/v7e-m+dp/hard\libc_nano.a(libc_a-impure.o)
                0x0000000020000068                _impure_data
 .data._impure_ptr
                0x00000000200000b4        0x4 D:/ST/STM32CubeIDE_1.14.0/STM32CubeIDE/plugins/com.st.stm32cube.ide.mcu.externaltools.gnu-tools-for-stm32.11.3.rel1.win32_1.1.100.202309141235/tools/bin/../lib/gcc/arm-none-eabi/11.3.1/../../../../arm-none-eabi/lib/thumb/v7e-m+dp/hard\libc_nano.a(libc_a-impure.o)
                0x00000000200000b4                _impure_ptr
                0x00000000200000b8                . = ALIGN (0x4)
                0x00000000200000b8                _edata = .

.igot.plt       0x00000000200000b8        0x0 load address 0x0000000008005b18
 .igot.plt      0x00000000200000b8        0x0 D:/ST/STM32CubeIDE_1.14.0/STM32CubeIDE/plugins/com.st.stm32cube.ide.mcu.externaltools.gnu-tools-for-stm32.11.3.rel1.win32_1.1.100.202309141235/tools/bin/../lib/gcc/arm-none-eabi/11.3.1/thumb/v7e-m+dp/hard/crtbegin.o
                0x00000000200000b8                . = ALIGN (0x4)

.bss            0x00000000200000b8     0x3288 load address 0x0000000008005b18
                0x00000000200000b8                _sbss = .
                0x00000000200000b8                __bss_start__ = _sbss
 *(.bss)
 .bss           0x00000000200000b8       0x1c D:/ST/STM32CubeIDE_1.14.0/STM32CubeIDE/plugins/com.st.stm32cube.ide.mcu.externaltools.gnu-tools-for-stm32.11.3.rel1.win32_1.1.100.202309141235/tools/bin/../lib/gcc/arm-none-eabi/11.3.1/thumb/v7e-m+dp/hard/crtbegin.o
 *(.bss*)
 .bss.hi2c1     0x00000000200000d4       0x4c ./Core/Src/i2c.o
                0x00000000200000d4                hi2c1
 .bss.__sbrk_heap_end
                0x0000000020000120        0x4 ./Core/Src/sysmem.o
 .bss.hdma_usart2_rx
                0x0000000020000124       0x60 ./Core/Src/usart.o
                0x0000000020000124                hdma_usart2_rx
 .bss.hdma_usart2_tx
                0x0000000020000184       0x60 ./Core/Src/usart.o
                0x0000000020000184                hdma_usart2_tx
 .bss.huart2    0x00000000200001e4       0x80 ./Core/Src/usart.o
                0x00000000200001e4                huart2
 .bss.huart3    0x0000000020000264       0x80 ./Core/Src/usart.o
                0x0000000020000264                huart3
 .bss.uwTick    0x00000000200002e4        0x4 ./Drivers/STM32F7xx_HAL_Driver/Src/stm32f7xx_hal.o
                0x00000000200002e4                uwTick
 .bss.an_dx     0x00000000200002e8      0x7c0 ./pfv_drivers/algorithm.o
 .bss.an_x      0x0000000020000aa8      0x7d0 ./pfv_drivers/algorithm.o
 .bss.an_y      0x0000000020001278      0x7d0 ./pfv_drivers/algorithm.o
 .bss.aun_ir_red_buffer
                0x0000000020001a48      0xfa0 ./pfv_drivers/max30102_if.o
                0x0000000020001a48                aun_ir_red_buffer
 .bss.rx_buffer
                0x00000000200029e8      0x400 ./pfv_drivers/pfv_usart.o
                0x00000000200029e8                rx_buffer
 .bss.rx_len    0x0000000020002de8        0x4 ./pfv_drivers/pfv_usart.o
                0x0000000020002de8                rx_len
 .bss.DataRxBuffer
                0x0000000020002dec      0x400 ./usrApp/debug.o
                0x0000000020002dec                DataRxBuffer
 .bss.count     0x00000000200031ec        0x4 ./usrApp/debug.o
 .bss.dbg_rxdata
                0x00000000200031f0        0x1 ./usrApp/debug.o
                0x00000000200031f0                dbg_rxdata
 *fill*         0x00000000200031f1        0x3 
 .bss.__sf      0x00000000200031f4      0x138 D:/ST/STM32CubeIDE_1.14.0/STM32CubeIDE/plugins/com.st.stm32cube.ide.mcu.externaltools.gnu-tools-for-stm32.11.3.rel1.win32_1.1.100.202309141235/tools/bin/../lib/gcc/arm-none-eabi/11.3.1/../../../../arm-none-eabi/lib/thumb/v7e-m+dp/hard\libc_nano.a(libc_a-findfp.o)
                0x00000000200031f4                __sf
 .bss.__stdio_exit_handler
                0x000000002000332c        0x4 D:/ST/STM32CubeIDE_1.14.0/STM32CubeIDE/plugins/com.st.stm32cube.ide.mcu.externaltools.gnu-tools-for-stm32.11.3.rel1.win32_1.1.100.202309141235/tools/bin/../lib/gcc/arm-none-eabi/11.3.1/../../../../arm-none-eabi/lib/thumb/v7e-m+dp/hard\libc_nano.a(libc_a-findfp.o)
                0x000000002000332c                __stdio_exit_handler
 .bss.errno     0x0000000020003330        0x4 D:/ST/STM32CubeIDE_1.14.0/STM32CubeIDE/plugins/com.st.stm32cube.ide.mcu.externaltools.gnu-tools-for-stm32.11.3.rel1.win32_1.1.100.202309141235/tools/bin/../lib/gcc/arm-none-eabi/11.3.1/../../../../arm-none-eabi/lib/thumb/v7e-m+dp/hard\libc_nano.a(libc_a-reent.o)
                0x0000000020003330                errno
 .bss.__lock___malloc_recursive_mutex
                0x0000000020003334        0x1 D:/ST/STM32CubeIDE_1.14.0/STM32CubeIDE/plugins/com.st.stm32cube.ide.mcu.externaltools.gnu-tools-for-stm32.11.3.rel1.win32_1.1.100.202309141235/tools/bin/../lib/gcc/arm-none-eabi/11.3.1/../../../../arm-none-eabi/lib/thumb/v7e-m+dp/hard\libc_nano.a(libc_a-lock.o)
                0x0000000020003334                __lock___malloc_recursive_mutex
 .bss.__lock___sfp_recursive_mutex
                0x0000000020003335        0x1 D:/ST/STM32CubeIDE_1.14.0/STM32CubeIDE/plugins/com.st.stm32cube.ide.mcu.externaltools.gnu-tools-for-stm32.11.3.rel1.win32_1.1.100.202309141235/tools/bin/../lib/gcc/arm-none-eabi/11.3.1/../../../../arm-none-eabi/lib/thumb/v7e-m+dp/hard\libc_nano.a(libc_a-lock.o)
                0x0000000020003335                __lock___sfp_recursive_mutex
 *fill*         0x0000000020003336        0x2 
 .bss.__malloc_free_list
                0x0000000020003338        0x4 D:/ST/STM32CubeIDE_1.14.0/STM32CubeIDE/plugins/com.st.stm32cube.ide.mcu.externaltools.gnu-tools-for-stm32.11.3.rel1.win32_1.1.100.202309141235/tools/bin/../lib/gcc/arm-none-eabi/11.3.1/../../../../arm-none-eabi/lib/thumb/v7e-m+dp/hard\libc_nano.a(libc_a-mallocr.o)
                0x0000000020003338                __malloc_free_list
 .bss.__malloc_sbrk_start
                0x000000002000333c        0x4 D:/ST/STM32CubeIDE_1.14.0/STM32CubeIDE/plugins/com.st.stm32cube.ide.mcu.externaltools.gnu-tools-for-stm32.11.3.rel1.win32_1.1.100.202309141235/tools/bin/../lib/gcc/arm-none-eabi/11.3.1/../../../../arm-none-eabi/lib/thumb/v7e-m+dp/hard\libc_nano.a(libc_a-mallocr.o)
                0x000000002000333c                __malloc_sbrk_start
 *(COMMON)
                0x0000000020003340                . = ALIGN (0x4)
                0x0000000020003340                _ebss = .
                0x0000000020003340                __bss_end__ = _ebss

._user_heap_stack
                0x0000000020003340      0x600 load address 0x0000000008005b18
                0x0000000020003340                . = ALIGN (0x8)
                [!provide]                        PROVIDE (end = .)
                0x0000000020003340                PROVIDE (_end = .)
                0x0000000020003540                . = (. + _Min_Heap_Size)
 *fill*         0x0000000020003340      0x200 
                0x0000000020003940                . = (. + _Min_Stack_Size)
 *fill*         0x0000000020003540      0x400 
                0x0000000020003940                . = ALIGN (0x8)

/DISCARD/
 libc.a(*)
 libm.a(*)
 libgcc.a(*)

.ARM.attributes
                0x0000000000000000       0x2e
 *(.ARM.attributes)
 .ARM.attributes
                0x0000000000000000       0x1e D:/ST/STM32CubeIDE_1.14.0/STM32CubeIDE/plugins/com.st.stm32cube.ide.mcu.externaltools.gnu-tools-for-stm32.11.3.rel1.win32_1.1.100.202309141235/tools/bin/../lib/gcc/arm-none-eabi/11.3.1/thumb/v7e-m+dp/hard/crti.o
 .ARM.attributes
                0x000000000000001e       0x32 D:/ST/STM32CubeIDE_1.14.0/STM32CubeIDE/plugins/com.st.stm32cube.ide.mcu.externaltools.gnu-tools-for-stm32.11.3.rel1.win32_1.1.100.202309141235/tools/bin/../lib/gcc/arm-none-eabi/11.3.1/thumb/v7e-m+dp/hard/crtbegin.o
 .ARM.attributes
                0x0000000000000050       0x32 ./Core/Src/dma.o
 .ARM.attributes
                0x0000000000000082       0x32 ./Core/Src/gpio.o
 .ARM.attributes
                0x00000000000000b4       0x32 ./Core/Src/i2c.o
 .ARM.attributes
                0x00000000000000e6       0x32 ./Core/Src/main.o
 .ARM.attributes
                0x0000000000000118       0x32 ./Core/Src/stm32f7xx_hal_msp.o
 .ARM.attributes
                0x000000000000014a       0x32 ./Core/Src/stm32f7xx_it.o
 .ARM.attributes
                0x000000000000017c       0x32 ./Core/Src/syscalls.o
 .ARM.attributes
                0x00000000000001ae       0x32 ./Core/Src/sysmem.o
 .ARM.attributes
                0x00000000000001e0       0x32 ./Core/Src/system_stm32f7xx.o
 .ARM.attributes
                0x0000000000000212       0x32 ./Core/Src/usart.o
 .ARM.attributes
                0x0000000000000244       0x21 ./Core/Startup/startup_stm32f767zitx.o
 .ARM.attributes
                0x0000000000000265       0x32 ./Drivers/STM32F7xx_HAL_Driver/Src/stm32f7xx_hal.o
 .ARM.attributes
                0x0000000000000297       0x32 ./Drivers/STM32F7xx_HAL_Driver/Src/stm32f7xx_hal_cortex.o
 .ARM.attributes
                0x00000000000002c9       0x32 ./Drivers/STM32F7xx_HAL_Driver/Src/stm32f7xx_hal_dma.o
 .ARM.attributes
                0x00000000000002fb       0x32 ./Drivers/STM32F7xx_HAL_Driver/Src/stm32f7xx_hal_gpio.o
 .ARM.attributes
                0x000000000000032d       0x32 ./Drivers/STM32F7xx_HAL_Driver/Src/stm32f7xx_hal_i2c.o
 .ARM.attributes
                0x000000000000035f       0x32 ./Drivers/STM32F7xx_HAL_Driver/Src/stm32f7xx_hal_i2c_ex.o
 .ARM.attributes
                0x0000000000000391       0x32 ./Drivers/STM32F7xx_HAL_Driver/Src/stm32f7xx_hal_pwr.o
 .ARM.attributes
                0x00000000000003c3       0x32 ./Drivers/STM32F7xx_HAL_Driver/Src/stm32f7xx_hal_pwr_ex.o
 .ARM.attributes
                0x00000000000003f5       0x32 ./Drivers/STM32F7xx_HAL_Driver/Src/stm32f7xx_hal_rcc.o
 .ARM.attributes
                0x0000000000000427       0x32 ./Drivers/STM32F7xx_HAL_Driver/Src/stm32f7xx_hal_rcc_ex.o
 .ARM.attributes
                0x0000000000000459       0x32 ./Drivers/STM32F7xx_HAL_Driver/Src/stm32f7xx_hal_uart.o
 .ARM.attributes
                0x000000000000048b       0x32 ./pfv_drivers/algorithm.o
 .ARM.attributes
                0x00000000000004bd       0x32 ./pfv_drivers/max30102_if.o
 .ARM.attributes
                0x00000000000004ef       0x32 ./pfv_drivers/pfv_i2c.o
 .ARM.attributes
                0x0000000000000521       0x32 ./pfv_drivers/pfv_max30102.o
 .ARM.attributes
                0x0000000000000553       0x32 ./pfv_drivers/pfv_mkb0908.o
 .ARM.attributes
                0x0000000000000585       0x32 ./pfv_drivers/pfv_usart.o
 .ARM.attributes
                0x00000000000005b7       0x32 ./usrApp/debug.o
 .ARM.attributes
                0x00000000000005e9       0x32 D:/ST/STM32CubeIDE_1.14.0/STM32CubeIDE/plugins/com.st.stm32cube.ide.mcu.externaltools.gnu-tools-for-stm32.11.3.rel1.win32_1.1.100.202309141235/tools/bin/../lib/gcc/arm-none-eabi/11.3.1/../../../../arm-none-eabi/lib/thumb/v7e-m+dp/hard\libc_nano.a(libc_a-findfp.o)
 .ARM.attributes
                0x000000000000061b       0x32 D:/ST/STM32CubeIDE_1.14.0/STM32CubeIDE/plugins/com.st.stm32cube.ide.mcu.externaltools.gnu-tools-for-stm32.11.3.rel1.win32_1.1.100.202309141235/tools/bin/../lib/gcc/arm-none-eabi/11.3.1/../../../../arm-none-eabi/lib/thumb/v7e-m+dp/hard\libc_nano.a(libc_a-fwalk.o)
 .ARM.attributes
                0x000000000000064d       0x32 D:/ST/STM32CubeIDE_1.14.0/STM32CubeIDE/plugins/com.st.stm32cube.ide.mcu.externaltools.gnu-tools-for-stm32.11.3.rel1.win32_1.1.100.202309141235/tools/bin/../lib/gcc/arm-none-eabi/11.3.1/../../../../arm-none-eabi/lib/thumb/v7e-m+dp/hard\libc_nano.a(libc_a-printf.o)
 .ARM.attributes
                0x000000000000067f       0x32 D:/ST/STM32CubeIDE_1.14.0/STM32CubeIDE/plugins/com.st.stm32cube.ide.mcu.externaltools.gnu-tools-for-stm32.11.3.rel1.win32_1.1.100.202309141235/tools/bin/../lib/gcc/arm-none-eabi/11.3.1/../../../../arm-none-eabi/lib/thumb/v7e-m+dp/hard\libc_nano.a(libc_a-puts.o)
 .ARM.attributes
                0x00000000000006b1       0x32 D:/ST/STM32CubeIDE_1.14.0/STM32CubeIDE/plugins/com.st.stm32cube.ide.mcu.externaltools.gnu-tools-for-stm32.11.3.rel1.win32_1.1.100.202309141235/tools/bin/../lib/gcc/arm-none-eabi/11.3.1/../../../../arm-none-eabi/lib/thumb/v7e-m+dp/hard\libc_nano.a(libc_a-sscanf.o)
 .ARM.attributes
                0x00000000000006e3       0x32 D:/ST/STM32CubeIDE_1.14.0/STM32CubeIDE/plugins/com.st.stm32cube.ide.mcu.externaltools.gnu-tools-for-stm32.11.3.rel1.win32_1.1.100.202309141235/tools/bin/../lib/gcc/arm-none-eabi/11.3.1/../../../../arm-none-eabi/lib/thumb/v7e-m+dp/hard\libc_nano.a(libc_a-stdio.o)
 .ARM.attributes
                0x0000000000000715       0x32 D:/ST/STM32CubeIDE_1.14.0/STM32CubeIDE/plugins/com.st.stm32cube.ide.mcu.externaltools.gnu-tools-for-stm32.11.3.rel1.win32_1.1.100.202309141235/tools/bin/../lib/gcc/arm-none-eabi/11.3.1/../../../../arm-none-eabi/lib/thumb/v7e-m+dp/hard\libc_nano.a(libc_a-wbuf.o)
 .ARM.attributes
                0x0000000000000747       0x32 D:/ST/STM32CubeIDE_1.14.0/STM32CubeIDE/plugins/com.st.stm32cube.ide.mcu.externaltools.gnu-tools-for-stm32.11.3.rel1.win32_1.1.100.202309141235/tools/bin/../lib/gcc/arm-none-eabi/11.3.1/../../../../arm-none-eabi/lib/thumb/v7e-m+dp/hard\libc_nano.a(libc_a-wsetup.o)
 .ARM.attributes
                0x0000000000000779       0x32 D:/ST/STM32CubeIDE_1.14.0/STM32CubeIDE/plugins/com.st.stm32cube.ide.mcu.externaltools.gnu-tools-for-stm32.11.3.rel1.win32_1.1.100.202309141235/tools/bin/../lib/gcc/arm-none-eabi/11.3.1/../../../../arm-none-eabi/lib/thumb/v7e-m+dp/hard\libc_nano.a(libc_a-memset.o)
 .ARM.attributes
                0x00000000000007ab       0x32 D:/ST/STM32CubeIDE_1.14.0/STM32CubeIDE/plugins/com.st.stm32cube.ide.mcu.externaltools.gnu-tools-for-stm32.11.3.rel1.win32_1.1.100.202309141235/tools/bin/../lib/gcc/arm-none-eabi/11.3.1/../../../../arm-none-eabi/lib/thumb/v7e-m+dp/hard\libc_nano.a(libc_a-strchr.o)
 .ARM.attributes
                0x00000000000007dd       0x32 D:/ST/STM32CubeIDE_1.14.0/STM32CubeIDE/plugins/com.st.stm32cube.ide.mcu.externaltools.gnu-tools-for-stm32.11.3.rel1.win32_1.1.100.202309141235/tools/bin/../lib/gcc/arm-none-eabi/11.3.1/../../../../arm-none-eabi/lib/thumb/v7e-m+dp/hard\libc_nano.a(libc_a-closer.o)
 .ARM.attributes
                0x000000000000080f       0x32 D:/ST/STM32CubeIDE_1.14.0/STM32CubeIDE/plugins/com.st.stm32cube.ide.mcu.externaltools.gnu-tools-for-stm32.11.3.rel1.win32_1.1.100.202309141235/tools/bin/../lib/gcc/arm-none-eabi/11.3.1/../../../../arm-none-eabi/lib/thumb/v7e-m+dp/hard\libc_nano.a(libc_a-reent.o)
 .ARM.attributes
                0x0000000000000841       0x32 D:/ST/STM32CubeIDE_1.14.0/STM32CubeIDE/plugins/com.st.stm32cube.ide.mcu.externaltools.gnu-tools-for-stm32.11.3.rel1.win32_1.1.100.202309141235/tools/bin/../lib/gcc/arm-none-eabi/11.3.1/../../../../arm-none-eabi/lib/thumb/v7e-m+dp/hard\libc_nano.a(libc_a-impure.o)
 .ARM.attributes
                0x0000000000000873       0x32 D:/ST/STM32CubeIDE_1.14.0/STM32CubeIDE/plugins/com.st.stm32cube.ide.mcu.externaltools.gnu-tools-for-stm32.11.3.rel1.win32_1.1.100.202309141235/tools/bin/../lib/gcc/arm-none-eabi/11.3.1/../../../../arm-none-eabi/lib/thumb/v7e-m+dp/hard\libc_nano.a(libc_a-lseekr.o)
 .ARM.attributes
                0x00000000000008a5       0x32 D:/ST/STM32CubeIDE_1.14.0/STM32CubeIDE/plugins/com.st.stm32cube.ide.mcu.externaltools.gnu-tools-for-stm32.11.3.rel1.win32_1.1.100.202309141235/tools/bin/../lib/gcc/arm-none-eabi/11.3.1/../../../../arm-none-eabi/lib/thumb/v7e-m+dp/hard\libc_nano.a(libc_a-readr.o)
 .ARM.attributes
                0x00000000000008d7       0x32 D:/ST/STM32CubeIDE_1.14.0/STM32CubeIDE/plugins/com.st.stm32cube.ide.mcu.externaltools.gnu-tools-for-stm32.11.3.rel1.win32_1.1.100.202309141235/tools/bin/../lib/gcc/arm-none-eabi/11.3.1/../../../../arm-none-eabi/lib/thumb/v7e-m+dp/hard\libc_nano.a(libc_a-writer.o)
 .ARM.attributes
                0x0000000000000909       0x32 D:/ST/STM32CubeIDE_1.14.0/STM32CubeIDE/plugins/com.st.stm32cube.ide.mcu.externaltools.gnu-tools-for-stm32.11.3.rel1.win32_1.1.100.202309141235/tools/bin/../lib/gcc/arm-none-eabi/11.3.1/../../../../arm-none-eabi/lib/thumb/v7e-m+dp/hard\libc_nano.a(libc_a-errno.o)
 .ARM.attributes
                0x000000000000093b       0x32 D:/ST/STM32CubeIDE_1.14.0/STM32CubeIDE/plugins/com.st.stm32cube.ide.mcu.externaltools.gnu-tools-for-stm32.11.3.rel1.win32_1.1.100.202309141235/tools/bin/../lib/gcc/arm-none-eabi/11.3.1/../../../../arm-none-eabi/lib/thumb/v7e-m+dp/hard\libc_nano.a(libc_a-init.o)
 .ARM.attributes
                0x000000000000096d       0x32 D:/ST/STM32CubeIDE_1.14.0/STM32CubeIDE/plugins/com.st.stm32cube.ide.mcu.externaltools.gnu-tools-for-stm32.11.3.rel1.win32_1.1.100.202309141235/tools/bin/../lib/gcc/arm-none-eabi/11.3.1/../../../../arm-none-eabi/lib/thumb/v7e-m+dp/hard\libc_nano.a(libc_a-lock.o)
 .ARM.attributes
                0x000000000000099f       0x17 D:/ST/STM32CubeIDE_1.14.0/STM32CubeIDE/plugins/com.st.stm32cube.ide.mcu.externaltools.gnu-tools-for-stm32.11.3.rel1.win32_1.1.100.202309141235/tools/bin/../lib/gcc/arm-none-eabi/11.3.1/../../../../arm-none-eabi/lib/thumb/v7e-m+dp/hard\libc_nano.a(libc_a-strlen.o)
 .ARM.attributes
                0x00000000000009b6       0x32 D:/ST/STM32CubeIDE_1.14.0/STM32CubeIDE/plugins/com.st.stm32cube.ide.mcu.externaltools.gnu-tools-for-stm32.11.3.rel1.win32_1.1.100.202309141235/tools/bin/../lib/gcc/arm-none-eabi/11.3.1/../../../../arm-none-eabi/lib/thumb/v7e-m+dp/hard\libc_nano.a(libc_a-freer.o)
 .ARM.attributes
                0x00000000000009e8       0x32 D:/ST/STM32CubeIDE_1.14.0/STM32CubeIDE/plugins/com.st.stm32cube.ide.mcu.externaltools.gnu-tools-for-stm32.11.3.rel1.win32_1.1.100.202309141235/tools/bin/../lib/gcc/arm-none-eabi/11.3.1/../../../../arm-none-eabi/lib/thumb/v7e-m+dp/hard\libc_nano.a(libc_a-mallocr.o)
 .ARM.attributes
                0x0000000000000a1a       0x32 D:/ST/STM32CubeIDE_1.14.0/STM32CubeIDE/plugins/com.st.stm32cube.ide.mcu.externaltools.gnu-tools-for-stm32.11.3.rel1.win32_1.1.100.202309141235/tools/bin/../lib/gcc/arm-none-eabi/11.3.1/../../../../arm-none-eabi/lib/thumb/v7e-m+dp/hard\libc_nano.a(libc_a-mlock.o)
 .ARM.attributes
                0x0000000000000a4c       0x32 D:/ST/STM32CubeIDE_1.14.0/STM32CubeIDE/plugins/com.st.stm32cube.ide.mcu.externaltools.gnu-tools-for-stm32.11.3.rel1.win32_1.1.100.202309141235/tools/bin/../lib/gcc/arm-none-eabi/11.3.1/../../../../arm-none-eabi/lib/thumb/v7e-m+dp/hard\libc_nano.a(libc_a-nano-svfscanf.o)
 .ARM.attributes
                0x0000000000000a7e       0x32 D:/ST/STM32CubeIDE_1.14.0/STM32CubeIDE/plugins/com.st.stm32cube.ide.mcu.externaltools.gnu-tools-for-stm32.11.3.rel1.win32_1.1.100.202309141235/tools/bin/../lib/gcc/arm-none-eabi/11.3.1/../../../../arm-none-eabi/lib/thumb/v7e-m+dp/hard\libc_nano.a(libc_a-nano-vfprintf.o)
 .ARM.attributes
                0x0000000000000ab0       0x32 D:/ST/STM32CubeIDE_1.14.0/STM32CubeIDE/plugins/com.st.stm32cube.ide.mcu.externaltools.gnu-tools-for-stm32.11.3.rel1.win32_1.1.100.202309141235/tools/bin/../lib/gcc/arm-none-eabi/11.3.1/../../../../arm-none-eabi/lib/thumb/v7e-m+dp/hard\libc_nano.a(libc_a-nano-vfprintf_i.o)
 .ARM.attributes
                0x0000000000000ae2       0x32 D:/ST/STM32CubeIDE_1.14.0/STM32CubeIDE/plugins/com.st.stm32cube.ide.mcu.externaltools.gnu-tools-for-stm32.11.3.rel1.win32_1.1.100.202309141235/tools/bin/../lib/gcc/arm-none-eabi/11.3.1/../../../../arm-none-eabi/lib/thumb/v7e-m+dp/hard\libc_nano.a(libc_a-nano-vfscanf_i.o)
 .ARM.attributes
                0x0000000000000b14       0x32 D:/ST/STM32CubeIDE_1.14.0/STM32CubeIDE/plugins/com.st.stm32cube.ide.mcu.externaltools.gnu-tools-for-stm32.11.3.rel1.win32_1.1.100.202309141235/tools/bin/../lib/gcc/arm-none-eabi/11.3.1/../../../../arm-none-eabi/lib/thumb/v7e-m+dp/hard\libc_nano.a(libc_a-fflush.o)
 .ARM.attributes
                0x0000000000000b46       0x32 D:/ST/STM32CubeIDE_1.14.0/STM32CubeIDE/plugins/com.st.stm32cube.ide.mcu.externaltools.gnu-tools-for-stm32.11.3.rel1.win32_1.1.100.202309141235/tools/bin/../lib/gcc/arm-none-eabi/11.3.1/../../../../arm-none-eabi/lib/thumb/v7e-m+dp/hard\libc_nano.a(libc_a-makebuf.o)
 .ARM.attributes
                0x0000000000000b78       0x32 D:/ST/STM32CubeIDE_1.14.0/STM32CubeIDE/plugins/com.st.stm32cube.ide.mcu.externaltools.gnu-tools-for-stm32.11.3.rel1.win32_1.1.100.202309141235/tools/bin/../lib/gcc/arm-none-eabi/11.3.1/../../../../arm-none-eabi/lib/thumb/v7e-m+dp/hard\libc_nano.a(libc_a-sccl.o)
 .ARM.attributes
                0x0000000000000baa       0x32 D:/ST/STM32CubeIDE_1.14.0/STM32CubeIDE/plugins/com.st.stm32cube.ide.mcu.externaltools.gnu-tools-for-stm32.11.3.rel1.win32_1.1.100.202309141235/tools/bin/../lib/gcc/arm-none-eabi/11.3.1/../../../../arm-none-eabi/lib/thumb/v7e-m+dp/hard\libc_nano.a(libc_a-ungetc.o)
 .ARM.attributes
                0x0000000000000bdc       0x32 D:/ST/STM32CubeIDE_1.14.0/STM32CubeIDE/plugins/com.st.stm32cube.ide.mcu.externaltools.gnu-tools-for-stm32.11.3.rel1.win32_1.1.100.202309141235/tools/bin/../lib/gcc/arm-none-eabi/11.3.1/../../../../arm-none-eabi/lib/thumb/v7e-m+dp/hard\libc_nano.a(libc_a-fstatr.o)
 .ARM.attributes
                0x0000000000000c0e       0x32 D:/ST/STM32CubeIDE_1.14.0/STM32CubeIDE/plugins/com.st.stm32cube.ide.mcu.externaltools.gnu-tools-for-stm32.11.3.rel1.win32_1.1.100.202309141235/tools/bin/../lib/gcc/arm-none-eabi/11.3.1/../../../../arm-none-eabi/lib/thumb/v7e-m+dp/hard\libc_nano.a(libc_a-isattyr.o)
 .ARM.attributes
                0x0000000000000c40       0x32 D:/ST/STM32CubeIDE_1.14.0/STM32CubeIDE/plugins/com.st.stm32cube.ide.mcu.externaltools.gnu-tools-for-stm32.11.3.rel1.win32_1.1.100.202309141235/tools/bin/../lib/gcc/arm-none-eabi/11.3.1/../../../../arm-none-eabi/lib/thumb/v7e-m+dp/hard\libc_nano.a(libc_a-sbrkr.o)
 .ARM.attributes
                0x0000000000000c72       0x1c D:/ST/STM32CubeIDE_1.14.0/STM32CubeIDE/plugins/com.st.stm32cube.ide.mcu.externaltools.gnu-tools-for-stm32.11.3.rel1.win32_1.1.100.202309141235/tools/bin/../lib/gcc/arm-none-eabi/11.3.1/../../../../arm-none-eabi/lib/thumb/v7e-m+dp/hard\libc_nano.a(libc_a-memchr.o)
 .ARM.attributes
                0x0000000000000c8e       0x32 D:/ST/STM32CubeIDE_1.14.0/STM32CubeIDE/plugins/com.st.stm32cube.ide.mcu.externaltools.gnu-tools-for-stm32.11.3.rel1.win32_1.1.100.202309141235/tools/bin/../lib/gcc/arm-none-eabi/11.3.1/../../../../arm-none-eabi/lib/thumb/v7e-m+dp/hard\libc_nano.a(libc_a-memcpy-stub.o)
 .ARM.attributes
                0x0000000000000cc0       0x32 D:/ST/STM32CubeIDE_1.14.0/STM32CubeIDE/plugins/com.st.stm32cube.ide.mcu.externaltools.gnu-tools-for-stm32.11.3.rel1.win32_1.1.100.202309141235/tools/bin/../lib/gcc/arm-none-eabi/11.3.1/../../../../arm-none-eabi/lib/thumb/v7e-m+dp/hard\libc_nano.a(libc_a-reallocr.o)
 .ARM.attributes
                0x0000000000000cf2       0x32 D:/ST/STM32CubeIDE_1.14.0/STM32CubeIDE/plugins/com.st.stm32cube.ide.mcu.externaltools.gnu-tools-for-stm32.11.3.rel1.win32_1.1.100.202309141235/tools/bin/../lib/gcc/arm-none-eabi/11.3.1/../../../../arm-none-eabi/lib/thumb/v7e-m+dp/hard\libc_nano.a(libc_a-strtol.o)
 .ARM.attributes
                0x0000000000000d24       0x32 D:/ST/STM32CubeIDE_1.14.0/STM32CubeIDE/plugins/com.st.stm32cube.ide.mcu.externaltools.gnu-tools-for-stm32.11.3.rel1.win32_1.1.100.202309141235/tools/bin/../lib/gcc/arm-none-eabi/11.3.1/../../../../arm-none-eabi/lib/thumb/v7e-m+dp/hard\libc_nano.a(libc_a-strtoul.o)