../Drivers/STM32F7xx_HAL_Driver/Src/stm32f7xx_hal_rcc.c:198:19:HAL_RCC_DeInit	16	static
../Drivers/STM32F7xx_HAL_Driver/Src/stm32f7xx_hal_rcc.c:349:19:HAL_RCC_OscConfig	32	static
../Drivers/STM32F7xx_HAL_Driver/Src/stm32f7xx_hal_rcc.c:947:6:HAL_RCC_MCOConfig	48	static
../Drivers/STM32F7xx_HAL_Driver/Src/stm32f7xx_hal_rcc.c:1004:6:HAL_RCC_EnableCSS	0	static
../Drivers/STM32F7xx_HAL_Driver/Src/stm32f7xx_hal_rcc.c:1013:6:HAL_RCC_DisableCSS	0	static
../Drivers/STM32F7xx_HAL_Driver/Src/stm32f7xx_hal_rcc.c:1048:10:HAL_RCC_GetSysClockFreq	8	static
../Drivers/STM32F7xx_HAL_Driver/Src/stm32f7xx_hal_rcc.c:755:19:HAL_RCC_ClockConfig	24	static
../Drivers/STM32F7xx_HAL_Driver/Src/stm32f7xx_hal_rcc.c:1108:10:HAL_RCC_GetHCLKFreq	0	static
../Drivers/STM32F7xx_HAL_Driver/Src/stm32f7xx_hal_rcc.c:1119:10:HAL_RCC_GetPCLK1Freq	0	static
../Drivers/STM32F7xx_HAL_Driver/Src/stm32f7xx_hal_rcc.c:1132:10:HAL_RCC_GetPCLK2Freq	0	static
../Drivers/STM32F7xx_HAL_Driver/Src/stm32f7xx_hal_rcc.c:1146:6:HAL_RCC_GetOscConfig	0	static,ignoring_inline_asm
../Drivers/STM32F7xx_HAL_Driver/Src/stm32f7xx_hal_rcc.c:1237:6:HAL_RCC_GetClockConfig	0	static
../Drivers/STM32F7xx_HAL_Driver/Src/stm32f7xx_hal_rcc.c:1283:13:HAL_RCC_CSSCallback	0	static
../Drivers/STM32F7xx_HAL_Driver/Src/stm32f7xx_hal_rcc.c:1266:6:HAL_RCC_NMI_IRQHandler	8	static
