../Drivers/STM32F7xx_HAL_Driver/Src/stm32f7xx_hal_cortex.c:141:6:HAL_NVIC_SetPriorityGrouping	0	static
../Drivers/STM32F7xx_HAL_Driver/Src/stm32f7xx_hal_cortex.c:163:6:HAL_NVIC_SetPriority	12	static
../Drivers/STM32F7xx_HAL_Driver/Src/stm32f7xx_hal_cortex.c:187:6:HAL_NVIC_EnableIRQ	0	static
../Drivers/STM32F7xx_HAL_Driver/Src/stm32f7xx_hal_cortex.c:203:6:HAL_NVIC_DisableIRQ	0	static,ignoring_inline_asm
../Drivers/STM32F7xx_HAL_Driver/Src/stm32f7xx_hal_cortex.c:216:6:HAL_NVIC_SystemReset	0	static,ignoring_inline_asm
../Drivers/STM32F7xx_HAL_Driver/Src/stm32f7xx_hal_cortex.c:229:10:HAL_SYSTICK_Config	0	static
../Drivers/STM32F7xx_HAL_Driver/Src/stm32f7xx_hal_cortex.c:258:6:HAL_MPU_Disable	0	static,ignoring_inline_asm
../Drivers/STM32F7xx_HAL_Driver/Src/stm32f7xx_hal_cortex.c:281:6:HAL_MPU_Enable	0	static,ignoring_inline_asm
../Drivers/STM32F7xx_HAL_Driver/Src/stm32f7xx_hal_cortex.c:300:6:HAL_MPU_ConfigRegion	8	static
../Drivers/STM32F7xx_HAL_Driver/Src/stm32f7xx_hal_cortex.c:345:10:HAL_NVIC_GetPriorityGrouping	0	static
../Drivers/STM32F7xx_HAL_Driver/Src/stm32f7xx_hal_cortex.c:372:6:HAL_NVIC_GetPriority	16	static
../Drivers/STM32F7xx_HAL_Driver/Src/stm32f7xx_hal_cortex.c:389:6:HAL_NVIC_SetPendingIRQ	0	static
../Drivers/STM32F7xx_HAL_Driver/Src/stm32f7xx_hal_cortex.c:407:10:HAL_NVIC_GetPendingIRQ	0	static
../Drivers/STM32F7xx_HAL_Driver/Src/stm32f7xx_hal_cortex.c:423:6:HAL_NVIC_ClearPendingIRQ	0	static
../Drivers/STM32F7xx_HAL_Driver/Src/stm32f7xx_hal_cortex.c:440:10:HAL_NVIC_GetActive	0	static
../Drivers/STM32F7xx_HAL_Driver/Src/stm32f7xx_hal_cortex.c:457:6:HAL_SYSTICK_CLKSourceConfig	0	static
../Drivers/STM32F7xx_HAL_Driver/Src/stm32f7xx_hal_cortex.c:484:13:HAL_SYSTICK_Callback	0	static
../Drivers/STM32F7xx_HAL_Driver/Src/stm32f7xx_hal_cortex.c:475:6:HAL_SYSTICK_IRQHandler	8	static
