../Drivers/STM32F7xx_HAL_Driver/Src/stm32f7xx_hal_flash.c:656:13:FLASH_Program_DoubleWord	8	static,ignoring_inline_asm
../Drivers/STM32F7xx_HAL_Driver/Src/stm32f7xx_hal_flash.c:687:13:FLASH_Program_Word	0	static,ignoring_inline_asm
../Drivers/STM32F7xx_HAL_Driver/Src/stm32f7xx_hal_flash.c:716:13:FLASH_Program_HalfWord	0	static,ignoring_inline_asm
../Drivers/STM32F7xx_HAL_Driver/Src/stm32f7xx_hal_flash.c:746:13:FLASH_Program_Byte	0	static,ignoring_inline_asm
../Drivers/STM32F7xx_HAL_Driver/Src/stm32f7xx_hal_flash.c:767:13:FLASH_SetErrorCode	0	static
../Drivers/STM32F7xx_HAL_Driver/Src/stm32f7xx_hal_flash.c:234:19:HAL_FLASH_Program_IT	16	static
../Drivers/STM32F7xx_HAL_Driver/Src/stm32f7xx_hal_flash.c:433:13:HAL_FLASH_EndOfOperationCallback	0	static
../Drivers/STM32F7xx_HAL_Driver/Src/stm32f7xx_hal_flash.c:451:13:HAL_FLASH_OperationErrorCallback	0	static
../Drivers/STM32F7xx_HAL_Driver/Src/stm32f7xx_hal_flash.c:298:6:HAL_FLASH_IRQHandler	16	static
../Drivers/STM32F7xx_HAL_Driver/Src/stm32f7xx_hal_flash.c:483:19:HAL_FLASH_Unlock	0	static
../Drivers/STM32F7xx_HAL_Driver/Src/stm32f7xx_hal_flash.c:507:19:HAL_FLASH_Lock	0	static
../Drivers/STM32F7xx_HAL_Driver/Src/stm32f7xx_hal_flash.c:519:19:HAL_FLASH_OB_Unlock	0	static
../Drivers/STM32F7xx_HAL_Driver/Src/stm32f7xx_hal_flash.c:539:19:HAL_FLASH_OB_Lock	0	static
../Drivers/STM32F7xx_HAL_Driver/Src/stm32f7xx_hal_flash.c:587:10:HAL_FLASH_GetError	0	static
../Drivers/STM32F7xx_HAL_Driver/Src/stm32f7xx_hal_flash.c:601:19:FLASH_WaitForLastOperation	16	static
../Drivers/STM32F7xx_HAL_Driver/Src/stm32f7xx_hal_flash.c:164:19:HAL_FLASH_Program	32	static
../Drivers/STM32F7xx_HAL_Driver/Src/stm32f7xx_hal_flash.c:551:19:HAL_FLASH_OB_Launch	0	static
