../Drivers/STM32F7xx_HAL_Driver/Src/stm32f7xx_hal_i2c.c:6050:13:I2C_Flush_TXDR	0	static
../Drivers/STM32F7xx_HAL_Driver/Src/stm32f7xx_hal_i2c.c:6547:13:I2C_TransferConfig	12	static
../Drivers/STM32F7xx_HAL_Driver/Src/stm32f7xx_hal_i2c.c:6568:13:I2C_Enable_IRQ	12	static
../Drivers/STM32F7xx_HAL_Driver/Src/stm32f7xx_hal_i2c.c:6641:13:I2C_Disable_IRQ	0	static
../Drivers/STM32F7xx_HAL_Driver/Src/stm32f7xx_hal_i2c.c:6706:13:I2C_ConvertOtherXferOptions	0	static
../Drivers/STM32F7xx_HAL_Driver/Src/stm32f7xx_hal_i2c.c:6478:26:I2C_IsAcknowledgeFailed	24	static
../Drivers/STM32F7xx_HAL_Driver/Src/stm32f7xx_hal_i2c.c:6340:26:I2C_WaitOnTXISFlagUntilTimeout	16	static
../Drivers/STM32F7xx_HAL_Driver/Src/stm32f7xx_hal_i2c.c:6413:26:I2C_WaitOnRXNEFlagUntilTimeout	16	static
../Drivers/STM32F7xx_HAL_Driver/Src/stm32f7xx_hal_i2c.c:6309:26:I2C_WaitOnFlagUntilTimeout	24	static
../Drivers/STM32F7xx_HAL_Driver/Src/stm32f7xx_hal_i2c.c:5308:26:I2C_RequestMemoryWrite	32	static
../Drivers/STM32F7xx_HAL_Driver/Src/stm32f7xx_hal_i2c.c:5365:26:I2C_RequestMemoryRead	32	static
../Drivers/STM32F7xx_HAL_Driver/Src/stm32f7xx_hal_i2c.c:6378:26:I2C_WaitOnSTOPFlagUntilTimeout	16	static
../Drivers/STM32F7xx_HAL_Driver/Src/stm32f7xx_hal_i2c.c:640:13:HAL_I2C_MspInit	0	static
../Drivers/STM32F7xx_HAL_Driver/Src/stm32f7xx_hal_i2c.c:482:19:HAL_I2C_Init	8	static
../Drivers/STM32F7xx_HAL_Driver/Src/stm32f7xx_hal_i2c.c:656:13:HAL_I2C_MspDeInit	0	static
../Drivers/STM32F7xx_HAL_Driver/Src/stm32f7xx_hal_i2c.c:594:19:HAL_I2C_DeInit	8	static
../Drivers/STM32F7xx_HAL_Driver/Src/stm32f7xx_hal_i2c.c:1076:19:HAL_I2C_Master_Transmit	40	static
../Drivers/STM32F7xx_HAL_Driver/Src/stm32f7xx_hal_i2c.c:1200:19:HAL_I2C_Master_Receive	40	static
../Drivers/STM32F7xx_HAL_Driver/Src/stm32f7xx_hal_i2c.c:1323:19:HAL_I2C_Slave_Transmit	40	static
../Drivers/STM32F7xx_HAL_Driver/Src/stm32f7xx_hal_i2c.c:1466:19:HAL_I2C_Slave_Receive	40	static
../Drivers/STM32F7xx_HAL_Driver/Src/stm32f7xx_hal_i2c.c:1597:19:HAL_I2C_Master_Transmit_IT	24	static
../Drivers/STM32F7xx_HAL_Driver/Src/stm32f7xx_hal_i2c.c:1668:19:HAL_I2C_Master_Receive_IT	24	static
../Drivers/STM32F7xx_HAL_Driver/Src/stm32f7xx_hal_i2c.c:1737:19:HAL_I2C_Slave_Transmit_IT	16	static
../Drivers/STM32F7xx_HAL_Driver/Src/stm32f7xx_hal_i2c.c:1787:19:HAL_I2C_Slave_Receive_IT	16	static
../Drivers/STM32F7xx_HAL_Driver/Src/stm32f7xx_hal_i2c.c:1839:19:HAL_I2C_Master_Transmit_DMA	32	static
../Drivers/STM32F7xx_HAL_Driver/Src/stm32f7xx_hal_i2c.c:1986:19:HAL_I2C_Master_Receive_DMA	32	static
../Drivers/STM32F7xx_HAL_Driver/Src/stm32f7xx_hal_i2c.c:2132:19:HAL_I2C_Slave_Transmit_DMA	24	static
../Drivers/STM32F7xx_HAL_Driver/Src/stm32f7xx_hal_i2c.c:2237:19:HAL_I2C_Slave_Receive_DMA	24	static
../Drivers/STM32F7xx_HAL_Driver/Src/stm32f7xx_hal_i2c.c:2347:19:HAL_I2C_Mem_Write	56	static
../Drivers/STM32F7xx_HAL_Driver/Src/stm32f7xx_hal_i2c.c:2493:19:HAL_I2C_Mem_Read	56	static
../Drivers/STM32F7xx_HAL_Driver/Src/stm32f7xx_hal_i2c.c:2637:19:HAL_I2C_Mem_Write_IT	48	static
../Drivers/STM32F7xx_HAL_Driver/Src/stm32f7xx_hal_i2c.c:2732:19:HAL_I2C_Mem_Read_IT	48	static
../Drivers/STM32F7xx_HAL_Driver/Src/stm32f7xx_hal_i2c.c:2826:19:HAL_I2C_Mem_Write_DMA	40	static
../Drivers/STM32F7xx_HAL_Driver/Src/stm32f7xx_hal_i2c.c:2974:19:HAL_I2C_Mem_Read_DMA	40	static
../Drivers/STM32F7xx_HAL_Driver/Src/stm32f7xx_hal_i2c.c:3121:19:HAL_I2C_IsDeviceReady	56	static
../Drivers/STM32F7xx_HAL_Driver/Src/stm32f7xx_hal_i2c.c:3268:19:HAL_I2C_Master_Seq_Transmit_IT	24	static
../Drivers/STM32F7xx_HAL_Driver/Src/stm32f7xx_hal_i2c.c:3356:19:HAL_I2C_Master_Seq_Transmit_DMA	40	static
../Drivers/STM32F7xx_HAL_Driver/Src/stm32f7xx_hal_i2c.c:3524:19:HAL_I2C_Master_Seq_Receive_IT	24	static
../Drivers/STM32F7xx_HAL_Driver/Src/stm32f7xx_hal_i2c.c:3612:19:HAL_I2C_Master_Seq_Receive_DMA	40	static
../Drivers/STM32F7xx_HAL_Driver/Src/stm32f7xx_hal_i2c.c:3779:19:HAL_I2C_Slave_Seq_Transmit_IT	24	static
../Drivers/STM32F7xx_HAL_Driver/Src/stm32f7xx_hal_i2c.c:3876:19:HAL_I2C_Slave_Seq_Transmit_DMA	24	static
../Drivers/STM32F7xx_HAL_Driver/Src/stm32f7xx_hal_i2c.c:4058:19:HAL_I2C_Slave_Seq_Receive_IT	24	static
../Drivers/STM32F7xx_HAL_Driver/Src/stm32f7xx_hal_i2c.c:4155:19:HAL_I2C_Slave_Seq_Receive_DMA	24	static
../Drivers/STM32F7xx_HAL_Driver/Src/stm32f7xx_hal_i2c.c:4334:19:HAL_I2C_EnableListen_IT	8	static
../Drivers/STM32F7xx_HAL_Driver/Src/stm32f7xx_hal_i2c.c:4358:19:HAL_I2C_DisableListen_IT	8	static
../Drivers/STM32F7xx_HAL_Driver/Src/stm32f7xx_hal_i2c.c:4391:19:HAL_I2C_Master_Abort_IT	24	static
../Drivers/STM32F7xx_HAL_Driver/Src/stm32f7xx_hal_i2c.c:4443:6:HAL_I2C_EV_IRQHandler	0	static
../Drivers/STM32F7xx_HAL_Driver/Src/stm32f7xx_hal_i2c.c:4516:13:HAL_I2C_MasterTxCpltCallback	0	static
../Drivers/STM32F7xx_HAL_Driver/Src/stm32f7xx_hal_i2c.c:4532:13:HAL_I2C_MasterRxCpltCallback	0	static
../Drivers/STM32F7xx_HAL_Driver/Src/stm32f7xx_hal_i2c.c:5514:13:I2C_ITMasterSeqCplt	16	static
../Drivers/STM32F7xx_HAL_Driver/Src/stm32f7xx_hal_i2c.c:4547:13:HAL_I2C_SlaveTxCpltCallback	0	static
../Drivers/STM32F7xx_HAL_Driver/Src/stm32f7xx_hal_i2c.c:4563:13:HAL_I2C_SlaveRxCpltCallback	0	static
../Drivers/STM32F7xx_HAL_Driver/Src/stm32f7xx_hal_i2c.c:5567:13:I2C_ITSlaveSeqCplt	16	static
../Drivers/STM32F7xx_HAL_Driver/Src/stm32f7xx_hal_i2c.c:6121:13:I2C_DMASlaveTransmitCplt	0	static
../Drivers/STM32F7xx_HAL_Driver/Src/stm32f7xx_hal_i2c.c:6199:13:I2C_DMASlaveReceiveCplt	0	static
../Drivers/STM32F7xx_HAL_Driver/Src/stm32f7xx_hal_i2c.c:4581:13:HAL_I2C_AddrCallback	0	static
../Drivers/STM32F7xx_HAL_Driver/Src/stm32f7xx_hal_i2c.c:5416:13:I2C_ITAddrCplt.constprop	24	static
../Drivers/STM32F7xx_HAL_Driver/Src/stm32f7xx_hal_i2c.c:4600:13:HAL_I2C_ListenCpltCallback	0	static
../Drivers/STM32F7xx_HAL_Driver/Src/stm32f7xx_hal_i2c.c:5880:13:I2C_ITListenCplt	8	static
../Drivers/STM32F7xx_HAL_Driver/Src/stm32f7xx_hal_i2c.c:4616:13:HAL_I2C_MemTxCpltCallback	0	static
../Drivers/STM32F7xx_HAL_Driver/Src/stm32f7xx_hal_i2c.c:4632:13:HAL_I2C_MemRxCpltCallback	0	static
../Drivers/STM32F7xx_HAL_Driver/Src/stm32f7xx_hal_i2c.c:4648:13:HAL_I2C_ErrorCallback	0	static
../Drivers/STM32F7xx_HAL_Driver/Src/stm32f7xx_hal_i2c.c:4664:13:HAL_I2C_AbortCpltCallback	0	static
../Drivers/STM32F7xx_HAL_Driver/Src/stm32f7xx_hal_i2c.c:5931:13:I2C_ITError	16	static
../Drivers/STM32F7xx_HAL_Driver/Src/stm32f7xx_hal_i2c.c:5623:13:I2C_ITMasterCplt	8	static
../Drivers/STM32F7xx_HAL_Driver/Src/stm32f7xx_hal_i2c.c:4747:26:I2C_Master_ISR_IT	24	static
../Drivers/STM32F7xx_HAL_Driver/Src/stm32f7xx_hal_i2c.c:5038:26:I2C_Master_ISR_DMA	24	static
../Drivers/STM32F7xx_HAL_Driver/Src/stm32f7xx_hal_i2c.c:6227:13:I2C_DMAError	16	static
../Drivers/STM32F7xx_HAL_Driver/Src/stm32f7xx_hal_i2c.c:6071:13:I2C_DMAMasterTransmitCplt	8	static
../Drivers/STM32F7xx_HAL_Driver/Src/stm32f7xx_hal_i2c.c:6149:13:I2C_DMAMasterReceiveCplt	8	static
../Drivers/STM32F7xx_HAL_Driver/Src/stm32f7xx_hal_i2c.c:4462:6:HAL_I2C_ER_IRQHandler	4	static
../Drivers/STM32F7xx_HAL_Driver/Src/stm32f7xx_hal_i2c.c:5743:13:I2C_ITSlaveCplt.constprop	24	static
../Drivers/STM32F7xx_HAL_Driver/Src/stm32f7xx_hal_i2c.c:5179:26:I2C_Slave_ISR_DMA	24	static
../Drivers/STM32F7xx_HAL_Driver/Src/stm32f7xx_hal_i2c.c:4896:26:I2C_Slave_ISR_IT	24	static
../Drivers/STM32F7xx_HAL_Driver/Src/stm32f7xx_hal_i2c.c:6267:13:I2C_DMAAbort	8	static
../Drivers/STM32F7xx_HAL_Driver/Src/stm32f7xx_hal_i2c.c:4699:22:HAL_I2C_GetState	0	static
../Drivers/STM32F7xx_HAL_Driver/Src/stm32f7xx_hal_i2c.c:4711:21:HAL_I2C_GetMode	0	static
../Drivers/STM32F7xx_HAL_Driver/Src/stm32f7xx_hal_i2c.c:4722:10:HAL_I2C_GetError	0	static
