../Drivers/STM32F7xx_HAL_Driver/Src/stm32f7xx_hal_pwr.c:100:6:HAL_PWR_DeInit	0	static
../Drivers/STM32F7xx_HAL_Driver/Src/stm32f7xx_hal_pwr.c:113:6:HAL_PWR_EnableBkUpAccess	0	static
../Drivers/STM32F7xx_HAL_Driver/Src/stm32f7xx_hal_pwr.c:126:6:HAL_PWR_DisableBkUpAccess	0	static
../Drivers/STM32F7xx_HAL_Driver/Src/stm32f7xx_hal_pwr.c:260:6:HAL_PWR_ConfigPVD	0	static
../Drivers/STM32F7xx_HAL_Driver/Src/stm32f7xx_hal_pwr.c:303:6:HAL_PWR_EnablePVD	0	static
../Drivers/STM32F7xx_HAL_Driver/Src/stm32f7xx_hal_pwr.c:313:6:HAL_PWR_DisablePVD	0	static
../Drivers/STM32F7xx_HAL_Driver/Src/stm32f7xx_hal_pwr.c:336:6:HAL_PWR_EnableWakeUpPin	0	static
../Drivers/STM32F7xx_HAL_Driver/Src/stm32f7xx_hal_pwr.c:361:6:HAL_PWR_DisableWakeUpPin	0	static
../Drivers/STM32F7xx_HAL_Driver/Src/stm32f7xx_hal_pwr.c:388:6:HAL_PWR_EnterSLEEPMode	0	static,ignoring_inline_asm
../Drivers/STM32F7xx_HAL_Driver/Src/stm32f7xx_hal_pwr.c:435:6:HAL_PWR_EnterSTOPMode	0	static,ignoring_inline_asm
../Drivers/STM32F7xx_HAL_Driver/Src/stm32f7xx_hal_pwr.c:488:6:HAL_PWR_EnterSTANDBYMode	0	static,ignoring_inline_asm
../Drivers/STM32F7xx_HAL_Driver/Src/stm32f7xx_hal_pwr.c:526:13:HAL_PWR_PVDCallback	0	static
../Drivers/STM32F7xx_HAL_Driver/Src/stm32f7xx_hal_pwr.c:509:6:HAL_PWR_PVD_IRQHandler	8	static
../Drivers/STM32F7xx_HAL_Driver/Src/stm32f7xx_hal_pwr.c:541:6:HAL_PWR_EnableSleepOnExit	0	static
../Drivers/STM32F7xx_HAL_Driver/Src/stm32f7xx_hal_pwr.c:553:6:HAL_PWR_DisableSleepOnExit	0	static
../Drivers/STM32F7xx_HAL_Driver/Src/stm32f7xx_hal_pwr.c:565:6:HAL_PWR_EnableSEVOnPend	0	static
../Drivers/STM32F7xx_HAL_Driver/Src/stm32f7xx_hal_pwr.c:577:6:HAL_PWR_DisableSEVOnPend	0	static
