../Drivers/STM32F7xx_HAL_Driver/Src/stm32f7xx_hal_eth.c:2259:13:ETH_FlushTransmitFIFO	16	static
../Drivers/STM32F7xx_HAL_Driver/Src/stm32f7xx_hal_eth.c:1860:13:ETH_MACDMAConfig	16	static
../Drivers/STM32F7xx_HAL_Driver/Src/stm32f7xx_hal_eth.c:531:19:HAL_ETH_DMATxDescListInit	20	static
../Drivers/STM32F7xx_HAL_Driver/Src/stm32f7xx_hal_eth.c:599:19:HAL_ETH_DMARxDescListInit	24	static
../Drivers/STM32F7xx_HAL_Driver/Src/stm32f7xx_hal_eth.c:667:13:HAL_ETH_MspInit	0	static
../Drivers/STM32F7xx_HAL_Driver/Src/stm32f7xx_hal_eth.c:683:13:HAL_ETH_MspDeInit	0	static
../Drivers/STM32F7xx_HAL_Driver/Src/stm32f7xx_hal_eth.c:495:19:HAL_ETH_DeInit	8	static
../Drivers/STM32F7xx_HAL_Driver/Src/stm32f7xx_hal_eth.c:894:19:HAL_ETH_TransmitFrame	20	static
../Drivers/STM32F7xx_HAL_Driver/Src/stm32f7xx_hal_eth.c:1011:19:HAL_ETH_GetReceivedFrame	12	static
../Drivers/STM32F7xx_HAL_Driver/Src/stm32f7xx_hal_eth.c:1096:19:HAL_ETH_GetReceivedFrame_IT	12	static
../Drivers/STM32F7xx_HAL_Driver/Src/stm32f7xx_hal_eth.c:1263:13:HAL_ETH_TxCpltCallback	0	static
../Drivers/STM32F7xx_HAL_Driver/Src/stm32f7xx_hal_eth.c:1279:13:HAL_ETH_RxCpltCallback	0	static
../Drivers/STM32F7xx_HAL_Driver/Src/stm32f7xx_hal_eth.c:1295:13:HAL_ETH_ErrorCallback	0	static
../Drivers/STM32F7xx_HAL_Driver/Src/stm32f7xx_hal_eth.c:1189:6:HAL_ETH_IRQHandler	16	static
../Drivers/STM32F7xx_HAL_Driver/Src/stm32f7xx_hal_eth.c:1317:19:HAL_ETH_ReadPHYRegister	24	static
../Drivers/STM32F7xx_HAL_Driver/Src/stm32f7xx_hal_eth.c:1390:19:HAL_ETH_WritePHYRegister	16	static
../Drivers/STM32F7xx_HAL_Driver/Src/stm32f7xx_hal_eth.c:209:19:HAL_ETH_Init	32	static
../Drivers/STM32F7xx_HAL_Driver/Src/stm32f7xx_hal_eth.c:1483:19:HAL_ETH_Start	24	static
../Drivers/STM32F7xx_HAL_Driver/Src/stm32f7xx_hal_eth.c:1522:19:HAL_ETH_Stop	24	static
../Drivers/STM32F7xx_HAL_Driver/Src/stm32f7xx_hal_eth.c:1562:19:HAL_ETH_ConfigMAC	24	static
../Drivers/STM32F7xx_HAL_Driver/Src/stm32f7xx_hal_eth.c:1728:19:HAL_ETH_ConfigDMA	24	static
../Drivers/STM32F7xx_HAL_Driver/Src/stm32f7xx_hal_eth.c:1835:22:HAL_ETH_GetState	0	static
