../Drivers/STM32F7xx_HAL_Driver/Src/stm32f7xx_hal_uart.c:3141:13:UART_EndRxTransfer	0	static
../Drivers/STM32F7xx_HAL_Driver/Src/stm32f7xx_hal_uart.c:3487:13:UART_TxISR_8BIT	0	static
../Drivers/STM32F7xx_HAL_Driver/Src/stm32f7xx_hal_uart.c:3517:13:UART_TxISR_16BIT	0	static
../Drivers/STM32F7xx_HAL_Driver/Src/stm32f7xx_hal_uart.c:651:13:HAL_UART_MspInit	0	static
../Drivers/STM32F7xx_HAL_Driver/Src/stm32f7xx_hal_uart.c:666:13:HAL_UART_MspDeInit	0	static
../Drivers/STM32F7xx_HAL_Driver/Src/stm32f7xx_hal_uart.c:606:19:HAL_UART_DeInit	16	static
../Drivers/STM32F7xx_HAL_Driver/Src/stm32f7xx_hal_uart.c:1191:19:HAL_UART_Transmit_IT	0	static
../Drivers/STM32F7xx_HAL_Driver/Src/stm32f7xx_hal_uart.c:1246:19:HAL_UART_Receive_IT	8	static
../Drivers/STM32F7xx_HAL_Driver/Src/stm32f7xx_hal_uart.c:1307:19:HAL_UART_Transmit_DMA	24	static
../Drivers/STM32F7xx_HAL_Driver/Src/stm32f7xx_hal_uart.c:1385:19:HAL_UART_Receive_DMA	24	static
../Drivers/STM32F7xx_HAL_Driver/Src/stm32f7xx_hal_uart.c:1459:19:HAL_UART_DMAPause	8	static
../Drivers/STM32F7xx_HAL_Driver/Src/stm32f7xx_hal_uart.c:1493:19:HAL_UART_DMAResume	0	static
../Drivers/STM32F7xx_HAL_Driver/Src/stm32f7xx_hal_uart.c:1525:19:HAL_UART_DMAStop	16	static
../Drivers/STM32F7xx_HAL_Driver/Src/stm32f7xx_hal_uart.c:1600:19:HAL_UART_Abort	8	static
../Drivers/STM32F7xx_HAL_Driver/Src/stm32f7xx_hal_uart.c:1689:19:HAL_UART_AbortTransmit	8	static
../Drivers/STM32F7xx_HAL_Driver/Src/stm32f7xx_hal_uart.c:1740:19:HAL_UART_AbortReceive	8	static
../Drivers/STM32F7xx_HAL_Driver/Src/stm32f7xx_hal_uart.c:2324:13:HAL_UART_TxCpltCallback	0	static
../Drivers/STM32F7xx_HAL_Driver/Src/stm32f7xx_hal_uart.c:3159:13:UART_DMATransmitCplt	8	static
../Drivers/STM32F7xx_HAL_Driver/Src/stm32f7xx_hal_uart.c:2339:13:HAL_UART_TxHalfCpltCallback	0	static
../Drivers/STM32F7xx_HAL_Driver/Src/stm32f7xx_hal_uart.c:3193:13:UART_DMATxHalfCplt	8	static
../Drivers/STM32F7xx_HAL_Driver/Src/stm32f7xx_hal_uart.c:2354:13:HAL_UART_RxCpltCallback	0	static
../Drivers/STM32F7xx_HAL_Driver/Src/stm32f7xx_hal_uart.c:3573:13:UART_RxISR_8BIT	8	static
../Drivers/STM32F7xx_HAL_Driver/Src/stm32f7xx_hal_uart.c:3624:13:UART_RxISR_16BIT	8	static
../Drivers/STM32F7xx_HAL_Driver/Src/stm32f7xx_hal_uart.c:3211:13:UART_DMAReceiveCplt	8	static
../Drivers/STM32F7xx_HAL_Driver/Src/stm32f7xx_hal_uart.c:2369:13:HAL_UART_RxHalfCpltCallback	0	static
../Drivers/STM32F7xx_HAL_Driver/Src/stm32f7xx_hal_uart.c:3246:13:UART_DMARxHalfCplt	8	static
../Drivers/STM32F7xx_HAL_Driver/Src/stm32f7xx_hal_uart.c:2384:13:HAL_UART_ErrorCallback	0	static
../Drivers/STM32F7xx_HAL_Driver/Src/stm32f7xx_hal_uart.c:3264:13:UART_DMAError	8	static
../Drivers/STM32F7xx_HAL_Driver/Src/stm32f7xx_hal_uart.c:3304:13:UART_DMAAbortOnError	8	static
../Drivers/STM32F7xx_HAL_Driver/Src/stm32f7xx_hal_uart.c:2399:13:HAL_UART_AbortCpltCallback	0	static
../Drivers/STM32F7xx_HAL_Driver/Src/stm32f7xx_hal_uart.c:1801:19:HAL_UART_Abort_IT	8	static
../Drivers/STM32F7xx_HAL_Driver/Src/stm32f7xx_hal_uart.c:3375:13:UART_DMARxAbortCallback	8	static
../Drivers/STM32F7xx_HAL_Driver/Src/stm32f7xx_hal_uart.c:3327:13:UART_DMATxAbortCallback	8	static
../Drivers/STM32F7xx_HAL_Driver/Src/stm32f7xx_hal_uart.c:2414:13:HAL_UART_AbortTransmitCpltCallback	0	static
../Drivers/STM32F7xx_HAL_Driver/Src/stm32f7xx_hal_uart.c:1941:19:HAL_UART_AbortTransmit_IT	8	static
../Drivers/STM32F7xx_HAL_Driver/Src/stm32f7xx_hal_uart.c:3426:13:UART_DMATxOnlyAbortCallback	8	static
../Drivers/STM32F7xx_HAL_Driver/Src/stm32f7xx_hal_uart.c:2429:13:HAL_UART_AbortReceiveCpltCallback	0	static
../Drivers/STM32F7xx_HAL_Driver/Src/stm32f7xx_hal_uart.c:2024:19:HAL_UART_AbortReceive_IT	8	static
../Drivers/STM32F7xx_HAL_Driver/Src/stm32f7xx_hal_uart.c:3453:13:UART_DMARxOnlyAbortCallback	8	static
../Drivers/STM32F7xx_HAL_Driver/Src/stm32f7xx_hal_uart.c:2445:13:HAL_UARTEx_WakeupCallback	0	static
../Drivers/STM32F7xx_HAL_Driver/Src/stm32f7xx_hal_uart.c:2110:6:HAL_UART_IRQHandler	16	static
../Drivers/STM32F7xx_HAL_Driver/Src/stm32f7xx_hal_uart.c:2493:6:HAL_UART_ReceiverTimeout_Config	0	static
../Drivers/STM32F7xx_HAL_Driver/Src/stm32f7xx_hal_uart.c:2506:19:HAL_UART_EnableReceiverTimeout	0	static
../Drivers/STM32F7xx_HAL_Driver/Src/stm32f7xx_hal_uart.c:2537:19:HAL_UART_DisableReceiverTimeout	0	static
../Drivers/STM32F7xx_HAL_Driver/Src/stm32f7xx_hal_uart.c:2608:6:HAL_MultiProcessor_EnterMuteMode	0	static
../Drivers/STM32F7xx_HAL_Driver/Src/stm32f7xx_hal_uart.c:2618:19:HAL_HalfDuplex_EnableTransmitter	0	static
../Drivers/STM32F7xx_HAL_Driver/Src/stm32f7xx_hal_uart.c:2641:19:HAL_HalfDuplex_EnableReceiver	0	static
../Drivers/STM32F7xx_HAL_Driver/Src/stm32f7xx_hal_uart.c:2664:19:HAL_LIN_SendBreak	0	static
../Drivers/STM32F7xx_HAL_Driver/Src/stm32f7xx_hal_uart.c:2709:23:HAL_UART_GetState	0	static
../Drivers/STM32F7xx_HAL_Driver/Src/stm32f7xx_hal_uart.c:2725:10:HAL_UART_GetError	0	static
../Drivers/STM32F7xx_HAL_Driver/Src/stm32f7xx_hal_uart.c:2770:19:UART_SetConfig	16	static
../Drivers/STM32F7xx_HAL_Driver/Src/stm32f7xx_hal_uart.c:2919:6:UART_AdvFeatureConfig	8	static
../Drivers/STM32F7xx_HAL_Driver/Src/stm32f7xx_hal_uart.c:3071:19:UART_WaitOnFlagUntilTimeout	24	static
../Drivers/STM32F7xx_HAL_Driver/Src/stm32f7xx_hal_uart.c:1013:19:HAL_UART_Transmit	40	static
../Drivers/STM32F7xx_HAL_Driver/Src/stm32f7xx_hal_uart.c:1102:19:HAL_UART_Receive	40	static
../Drivers/STM32F7xx_HAL_Driver/Src/stm32f7xx_hal_uart.c:3017:19:UART_CheckIdleState	32	static
../Drivers/STM32F7xx_HAL_Driver/Src/stm32f7xx_hal_uart.c:286:19:HAL_UART_Init	8	static
../Drivers/STM32F7xx_HAL_Driver/Src/stm32f7xx_hal_uart.c:360:19:HAL_HalfDuplex_Init	8	static
../Drivers/STM32F7xx_HAL_Driver/Src/stm32f7xx_hal_uart.c:432:19:HAL_LIN_Init	16	static
../Drivers/STM32F7xx_HAL_Driver/Src/stm32f7xx_hal_uart.c:530:19:HAL_MultiProcessor_Init	16	static
../Drivers/STM32F7xx_HAL_Driver/Src/stm32f7xx_hal_uart.c:2568:19:HAL_MultiProcessor_EnableMuteMode	0	static
../Drivers/STM32F7xx_HAL_Driver/Src/stm32f7xx_hal_uart.c:2588:19:HAL_MultiProcessor_DisableMuteMode	0	static
